zsh /var/folders/kp/v_5qvc9n6vb8gb8htz3yqwzm0000gn/T/minyar-october-normal-limits-pap5g2ng/with-limits.sh "clang" -O2 -Wno-override-module -DMINYAR_SYSTEM_HEAP=1 -c runtime/minyar_runtime.c -o build/minyar-runtime.o
.............
----------------------------------------------------------------------
Ran 13 tests in 10.692s

OK
................
----------------------------------------------------------------------
Ran 16 tests in 8.537s

OK
test_koka_nested_selection_keeps_only_the_selected_child (__main__.PeerMemorySemantics.test_koka_nested_selection_keeps_only_the_selected_child) ... ok
test_koka_record_rotation_preserves_shared_input_lists (__main__.PeerMemorySemantics.test_koka_record_rotation_preserves_shared_input_lists) ... ok
test_lean_join_argument_survives_returned_pair_and_short_circuit (__main__.PeerMemorySemantics.test_lean_join_argument_survives_returned_pair_and_short_circuit) ... ok
test_lean_reuse_regression_shared_recursive_operands (__main__.PeerMemorySemantics.test_lean_reuse_regression_shared_recursive_operands) ... ok
test_nim_conditional_saved_projection_survives_later_rows (__main__.PeerMemorySemantics.test_nim_conditional_saved_projection_survives_later_rows) ... ok
test_nim_effectful_assignment_indices_keep_order_and_old_alias (__main__.PeerMemorySemantics.test_nim_effectful_assignment_indices_keep_order_and_old_alias) ... ok
test_nim_part_to_whole_assignment_uses_one_dynamic_index (__main__.PeerMemorySemantics.test_nim_part_to_whole_assignment_uses_one_dynamic_index) ... ok
test_nim_record_constructor_keeps_an_earlier_projection (__main__.PeerMemorySemantics.test_nim_record_constructor_keeps_an_earlier_projection) ... ok
test_nim_returned_member_survives_same_slot_overwrite (__main__.PeerMemorySemantics.test_nim_returned_member_survives_same_slot_overwrite) ... ok
test_nim_saved_scope_survives_owner_replacement (__main__.PeerMemorySemantics.test_nim_saved_scope_survives_owner_replacement) ... ok

----------------------------------------------------------------------
Ran 10 tests in 6.519s

OK
...
----------------------------------------------------------------------
Ran 3 tests in 1.910s

OK
zsh /var/folders/kp/v_5qvc9n6vb8gb8htz3yqwzm0000gn/T/minyar-october-normal-limits-pap5g2ng/with-limits.sh python3 tests/memory-research-regressions.py --clang "clang"
append-system-o0: contents, ownership and focused invariants passed
append-system-o2: contents, ownership and focused invariants passed
append-pressure-k1: contents, ownership and focused invariants passed
append-pressure-k32: contents, ownership and focused invariants passed
indexed-text-system: contents, ownership and focused invariants passed
python3 tests/launcher-bootstrap-policy.py
.....
----------------------------------------------------------------------
Ran 5 tests in 1.327s

OK
zsh /var/folders/kp/v_5qvc9n6vb8gb8htz3yqwzm0000gn/T/minyar-october-normal-limits-pap5g2ng/with-limits.sh python3 tests/diagnostics.py
19 complete compiler diagnostics match byte-for-byte golden files
zsh /var/folders/kp/v_5qvc9n6vb8gb8htz3yqwzm0000gn/T/minyar-october-normal-limits-pap5g2ng/with-limits.sh python3 tests/conformance.py
11 feature-indexed conformance programs passed at O0 and O2
