FAILED line 108: observed_prefix_copies == (!debt && length != 0)
{"epoch":0,"length":0,"debt":1,"text_mode":0}
{"epoch":1,"length":2,"debt":0,"text_mode":1}
        0.53 real         0.00 user         0.00 sys
             1359872  maximum resident set size
                   0  average shared memory size
                   0  average unshared data size
                   0  average unshared stack size
                 237  page reclaims
                   1  page faults
                   0  swaps
                   0  block input operations
                   0  block output operations
                   0  messages sent
                   0  messages received
                   0  signals received
                   0  voluntary context switches
                   7  involuntary context switches
            11223087  instructions retired
             6620467  cycles elapsed
              967488  peak memory footprint
