zsh /var/folders/kp/v_5qvc9n6vb8gb8htz3yqwzm0000gn/T/minyar-october-normal-limits-pap5g2ng/with-limits.sh "clang" -O2 -Wno-override-module -DMINYAR_COMPILER_ARENA -S -emit-llvm runtime/minyar_runtime.c -o build/minyar-compiler-runtime.ll.tmp
sed -E 's/"(target-cpu|target-features|tune-cpu)"="[^"]*" ?//g' build/minyar-compiler-runtime.ll.tmp > build/minyar-compiler-runtime.ll
rm -f build/minyar-compiler-runtime.ll.tmp
zsh /var/folders/kp/v_5qvc9n6vb8gb8htz3yqwzm0000gn/T/minyar-october-normal-limits-pap5g2ng/with-limits.sh "clang" -O2 -Wno-override-module -flto build/compiler-stage1.ll build/minyar-compiler-runtime.ll -lm -o build/compiler-stage1
zsh /var/folders/kp/v_5qvc9n6vb8gb8htz3yqwzm0000gn/T/minyar-october-normal-limits-pap5g2ng/with-limits.sh ./build/compiler-stage1 compiler/compiler.min build/compiler-stage2.ll
zsh /var/folders/kp/v_5qvc9n6vb8gb8htz3yqwzm0000gn/T/minyar-october-normal-limits-pap5g2ng/with-limits.sh "clang" -O2 -Wno-override-module -flto build/compiler-stage2.ll build/minyar-compiler-runtime.ll -lm -o build/minyarc
zsh /var/folders/kp/v_5qvc9n6vb8gb8htz3yqwzm0000gn/T/minyar-october-normal-limits-pap5g2ng/with-limits.sh ./build/minyarc build/module-compiler.min build/module-compiler-stage1.ll
zsh /var/folders/kp/v_5qvc9n6vb8gb8htz3yqwzm0000gn/T/minyar-october-normal-limits-pap5g2ng/with-limits.sh "clang" -O2 -Wno-override-module -flto build/module-compiler-stage1.ll build/minyar-compiler-runtime.ll -lm -o build/module-compiler-stage1
zsh /var/folders/kp/v_5qvc9n6vb8gb8htz3yqwzm0000gn/T/minyar-october-normal-limits-pap5g2ng/with-limits.sh ./build/module-compiler-stage1 build/module-compiler.min build/module-compiler-stage2.ll
zsh /var/folders/kp/v_5qvc9n6vb8gb8htz3yqwzm0000gn/T/minyar-october-normal-limits-pap5g2ng/with-limits.sh "clang" -O2 -Wno-override-module -flto build/module-compiler-stage2.ll build/minyar-compiler-runtime.ll -lm -o build/minyarc-modules
zsh /var/folders/kp/v_5qvc9n6vb8gb8htz3yqwzm0000gn/T/minyar-october-normal-limits-pap5g2ng/with-limits.sh "clang" -O2 -Wno-override-module -DMINYAR_SYSTEM_HEAP=1 -c runtime/minyar_runtime.c -o build/minyar-runtime.o
..FF.......
======================================================================
FAIL: test_dead_call_after_break_remains_a_statement (__main__.SwiftStatementSemantics.test_dead_call_after_break_remains_a_statement) (optimization='-O0')
----------------------------------------------------------------------
Traceback (most recent call last):
  File "/Users/luke/Projects/Minyar-Lang/tests/regressions.py", line 63, in executes
    self.assertEqual(run.returncode, status, run.stderr)
    ~~~~~~~~~~~~~~~~^^^^^^^^^^^^^^^^^^^^^^^^^^^^^^^^^^^^
AssertionError: -5 != 0 : b''

======================================================================
FAIL: test_dead_call_after_break_remains_a_statement (__main__.SwiftStatementSemantics.test_dead_call_after_break_remains_a_statement) (optimization='-O2')
----------------------------------------------------------------------
Traceback (most recent call last):
  File "/Users/luke/Projects/Minyar-Lang/tests/regressions.py", line 63, in executes
    self.assertEqual(run.returncode, status, run.stderr)
    ~~~~~~~~~~~~~~~~^^^^^^^^^^^^^^^^^^^^^^^^^^^^^^^^^^^^
AssertionError: -5 != 0 : b''

----------------------------------------------------------------------
Ran 10 tests in 2.677s

FAILED (failures=2)
