python3 tests/coverage-harness.py
test_edge_profiles_merge_branches_and_reject_inconsistent_denominators (__main__.CoverageHarness.test_edge_profiles_merge_branches_and_reject_inconsistent_denominators) ... ok
test_empty_denominator_cannot_report_full_coverage (__main__.CoverageHarness.test_empty_denominator_cannot_report_full_coverage) ... ok
test_empty_runtime_mapping_cannot_report_full_coverage (__main__.CoverageHarness.test_empty_runtime_mapping_cannot_report_full_coverage) ... ok
test_invalid_threshold_cannot_disable_gate (__main__.CoverageHarness.test_invalid_threshold_cannot_disable_gate) ... ok
test_missing_or_invalid_target_metadata_cannot_choose_an_implicit_target (__main__.CoverageHarness.test_missing_or_invalid_target_metadata_cannot_choose_an_implicit_target) ... ok
test_pre_inlining_instrumentation_uses_the_selected_backend_target (__main__.CoverageHarness.test_pre_inlining_instrumentation_uses_the_selected_backend_target) ... ok
test_runtime_aggregation_includes_headers_and_excludes_tests (__main__.CoverageHarness.test_runtime_aggregation_includes_headers_and_excludes_tests) ... ok
test_tool_versions_are_recorded_and_mismatches_fail_before_instrumentation (__main__.CoverageHarness.test_tool_versions_are_recorded_and_mismatches_fail_before_instrumentation) ... ok

----------------------------------------------------------------------
Ran 8 tests in 0.005s

OK
MINYAR_TEST_CLANG="${MINYAR_TEST_CLANG:-clang}" python3 tests/coverage-inlining.py
test_shared_branch_identity_survives_inlining (__main__.CoverageInlining.test_shared_branch_identity_survives_inlining) ... ok

----------------------------------------------------------------------
Ran 1 test in 1.803s

OK
zsh /var/folders/kp/v_5qvc9n6vb8gb8htz3yqwzm0000gn/T/minyar-october-normal-limits-pap5g2ng/with-limits.sh "clang" -O2 -Wno-override-module -DMINYAR_SYSTEM_HEAP=1 -c runtime/minyar_runtime.c -o build/minyar-runtime.o
MINYAR_MIN_COMPILER_EDGE_COVERAGE=79 \
	MINYAR_MIN_RUNTIME_LINE_COVERAGE=72 \
	MINYAR_MIN_RUNTIME_BRANCH_COVERAGE=55 \
	python3 scripts/coverage.py
Traceback (most recent call last):
  File "/Users/luke/Projects/Minyar-Lang/scripts/coverage.py", line 321, in <module>
    raise SystemExit(main())
                     ~~~~^^
  File "/Users/luke/Projects/Minyar-Lang/scripts/coverage.py", line 181, in main
    run([clang, "-O0", "-g", "-Wno-override-module", str(instrumented_compiler_ir),
    ~~~^^^^^^^^^^^^^^^^^^^^^^^^^^^^^^^^^^^^^^^^^^^^^^^^^^^^^^^^^^^^^^^^^^^^^^^^^^^^
         str(ROOT / "build/minyar-compiler-runtime.ll"),
         ^^^^^^^^^^^^^^^^^^^^^^^^^^^^^^^^^^^^^^^^^^^^^^^
         str(ROOT / "tests/compiler-coverage-runtime.c"), *math_flags,
         ^^^^^^^^^^^^^^^^^^^^^^^^^^^^^^^^^^^^^^^^^^^^^^^^^^^^^^^^^^^^^
         "-o", str(compiler)], env=env)
         ^^^^^^^^^^^^^^^^^^^^^^^^^^^^^^
  File "/Users/luke/Projects/Minyar-Lang/scripts/coverage.py", line 45, in run
    raise RuntimeError(f"command failed ({result.returncode}): {' '.join(command)}\n{result.stdout}{result.stderr}")
RuntimeError: command failed (1): /opt/homebrew/opt/llvm/bin/clang -O0 -g -Wno-override-module /Users/luke/Projects/Minyar-Lang/build/coverage/run-eaa_6ppx/before-inlining/compiler-coverage.ll /Users/luke/Projects/Minyar-Lang/build/minyar-compiler-runtime.ll /Users/luke/Projects/Minyar-Lang/tests/compiler-coverage-runtime.c -lm -o /Users/luke/Projects/Minyar-Lang/build/coverage/run-eaa_6ppx/before-inlining/minyarc-profile
fatal error: error in backend: Unsupported stack probing method
clang: error: clang frontend command failed with exit code 70 (use -v to see invocation)
Homebrew clang version 22.1.5
Target: arm64-apple-darwin25.0.0
Thread model: posix
InstalledDir: /opt/homebrew/Cellar/llvm/22.1.5/bin
Configuration file: /opt/homebrew/Cellar/llvm/22.1.5/etc/clang/arm64-apple-darwin25.cfg
clang: note: diagnostic msg: 
********************

PLEASE ATTACH THE FOLLOWING FILES TO THE BUG REPORT:
Preprocessed source(s) and associated run script(s) are located at:
clang: note: diagnostic msg: /var/folders/kp/v_5qvc9n6vb8gb8htz3yqwzm0000gn/T/compiler-coverage-runtime-afe011.c
clang: note: diagnostic msg: /var/folders/kp/v_5qvc9n6vb8gb8htz3yqwzm0000gn/T/compiler-coverage-8013c8.ll
clang: note: diagnostic msg: /var/folders/kp/v_5qvc9n6vb8gb8htz3yqwzm0000gn/T/minyar-compiler-runtime-ca0912.ll
clang: note: diagnostic msg: /var/folders/kp/v_5qvc9n6vb8gb8htz3yqwzm0000gn/T/compiler-coverage-runtime-afe011.sh
clang: note: diagnostic msg: Crash backtrace is located in
clang: note: diagnostic msg: /Users/luke/Library/Logs/DiagnosticReports/clang-22_<YYYY-MM-DD-HHMMSS>_<hostname>.crash
clang: note: diagnostic msg: (choose the .crash file that corresponds to your crash)
clang: note: diagnostic msg: 

********************

make: *** [check-coverage] Error 1
