Start UTC: 2026-10-04T00:03:35.910161+00:00
Command: make -j1 -k check
zsh scripts/with-limits.sh "clang" -O2 -Wno-override-module -DMINYAR_COMPILER_ARENA -S -emit-llvm runtime/minyar_runtime.c -o build/minyar-compiler-runtime.ll.tmp
sed -E 's/"(target-cpu|target-features|tune-cpu)"="[^"]*" ?//g' build/minyar-compiler-runtime.ll.tmp > build/minyar-compiler-runtime.ll
rm -f build/minyar-compiler-runtime.ll.tmp
zsh scripts/with-limits.sh "clang" -O2 -Wno-override-module -flto build/compiler-stage1.ll build/minyar-compiler-runtime.ll -lm -o build/compiler-stage1
zsh scripts/with-limits.sh ./build/compiler-stage1 compiler/compiler.min build/compiler-stage2.ll
zsh scripts/with-limits.sh "clang" -O2 -Wno-override-module -flto build/compiler-stage2.ll build/minyar-compiler-runtime.ll -lm -o build/minyarc
zsh scripts/with-limits.sh python3 tests/runtime-cache.py
test_backend_path_and_flags_invalidate_cached_runtime (__main__.RuntimeCache.test_backend_path_and_flags_invalidate_cached_runtime) ... ok
test_custom_runtime_flags_use_invocation_storage (__main__.RuntimeCache.test_custom_runtime_flags_use_invocation_storage) ... ok
test_stack_header_change_rebuilds_runtime (__main__.RuntimeCache.test_stack_header_change_rebuilds_runtime) ... ok
test_standard_runtime_is_reused (__main__.RuntimeCache.test_standard_runtime_is_reused) ... ok

----------------------------------------------------------------------
Ran 4 tests in 72.008s

OK
zsh scripts/with-limits.sh ./build/minyarc build/module-compiler.min build/module-compiler-stage1.ll
zsh scripts/with-limits.sh "clang" -O2 -Wno-override-module -flto build/module-compiler-stage1.ll build/minyar-compiler-runtime.ll -lm -o build/module-compiler-stage1
zsh scripts/with-limits.sh ./build/module-compiler-stage1 build/module-compiler.min build/module-compiler-stage2.ll
zsh scripts/with-limits.sh "clang" -O2 -Wno-override-module -flto build/module-compiler-stage2.ll build/minyar-compiler-runtime.ll -lm -o build/minyarc-modules
zsh scripts/with-limits.sh "cc" -std=c11 -O2 -Wall -Wextra -Werror tools/module-build.c -o build/minyar-module-build
zsh scripts/with-limits.sh python3 tests/ownership-policy.py
test_loop_backedges_service_debt_only_in_ownership_functions (__main__.OwnershipPolicy.test_loop_backedges_service_debt_only_in_ownership_functions) ... ok
test_module_policy_transitions_and_native_output (__main__.OwnershipPolicy.test_module_policy_transitions_and_native_output) ... ok
test_ordinary_budget_selection_and_errors (__main__.OwnershipPolicy.test_ordinary_budget_selection_and_errors) ... ok
test_source_edit_delta_direct_and_driver (__main__.OwnershipPolicy.test_source_edit_delta_direct_and_driver) ... ok

----------------------------------------------------------------------
Ran 4 tests in 48.127s

OK
zsh scripts/with-sanitizer-limits.sh python3 tests/stack-ownership.py --clang "clang"
test_bounded_profiles (__main__.StackOwnership.test_bounded_profiles) ... system-k1-native: PASS stack-contract cases=36 scans=12668 K=1 structural=1
system-k1-sanitize: PASS stack-contract cases=36 scans=12668 K=1 structural=1
system-k2-native: PASS stack-contract cases=36 scans=12562 K=2 structural=1

  test_bounded_profiles (__main__.StackOwnership.test_bounded_profiles) (profile='system', budget=2, mode='sanitize') ... FAIL
system-k8-native: PASS stack-contract cases=36 scans=12201 K=8 structural=1
make: *** [check-stack-ownership] Terminated: 15

Exit status: -15
End UTC: 2026-10-04T00:16:27.629932+00:00
