Start UTC: 2026-10-03T23:55:48.336950+00:00
Command: make -j1 check-performance check-conformance check-diagnostics
"cc" -isystem vendor -std=c11 -O2 -Wall -Wextra -Werror bootstrap/stage0.c -o build/stage0
zsh scripts/with-limits.sh ./build/stage0 compiler/compiler.min -o build/compiler-stage1.ll
zsh scripts/with-limits.sh "clang" -O2 -Wno-override-module -DMINYAR_COMPILER_ARENA -S -emit-llvm runtime/minyar_runtime.c -o build/minyar-compiler-runtime.ll.tmp
sed -E 's/"(target-cpu|target-features|tune-cpu)"="[^"]*" ?//g' build/minyar-compiler-runtime.ll.tmp > build/minyar-compiler-runtime.ll
rm -f build/minyar-compiler-runtime.ll.tmp
zsh scripts/with-limits.sh "clang" -O2 -Wno-override-module -flto build/compiler-stage1.ll build/minyar-compiler-runtime.ll -lm -o build/compiler-stage1
zsh scripts/with-limits.sh ./build/compiler-stage1 compiler/compiler.min build/compiler-stage2.ll
zsh scripts/with-limits.sh "clang" -O2 -Wno-override-module -flto build/compiler-stage2.ll build/minyar-compiler-runtime.ll -lm -o build/minyarc
zsh scripts/with-limits.sh "clang" -O2 -Wno-override-module -DMINYAR_SYSTEM_HEAP=1 -c runtime/minyar_runtime.c -o build/minyar-runtime.o
zsh scripts/with-limits.sh ./build/minyarc compiler/compiler.min build/compiler-stage3.ll
zsh scripts/with-limits.sh python3 tests/performance.py
self-compile: wall 0.050s, CPU 0.021s, peak 9.2 MiB
compile statements    2000 -> 0.023s   x4 -> 0.080s   ratio 3.5
compile locals        4000 -> 0.008s   x4 -> 0.020s   ratio 2.3
compile modules         32 -> 0.008s   x4 -> 0.016s   ratio 1.9
compile functions      500 -> 0.010s   x4 -> 0.023s   ratio 2.3
compile records        500 -> 0.007s   x4 -> 0.013s   ratio 1.9
runtime benchmark   scale  2 -> 0.070s   x4 -> 0.264s   ratio 3.8
no baseline at build/performance-baseline.json; run with --save-baseline to create one
performance checks passed
zsh scripts/with-limits.sh python3 tests/conformance.py
11 feature-indexed conformance programs passed at O0 and O2
zsh scripts/with-limits.sh python3 tests/diagnostics.py
19 complete compiler diagnostics match byte-for-byte golden files

Exit status: 0
End UTC: 2026-10-03T23:57:25.944617+00:00
