StartUTC: 2026-10-04T00:18:40.928181+00:00
Command: ['make', '-j1', '-k', 'check', 'LIMITED=zsh /var/folders/kp/v_5qvc9n6vb8gb8htz3yqwzm0000gn/T/minyar-october-normal-limits-pap5g2ng/with-limits.sh', 'SANITIZER_LIMITED=zsh /var/folders/kp/v_5qvc9n6vb8gb8htz3yqwzm0000gn/T/minyar-october-normal-limits-pap5g2ng/with-limits.sh']
zsh /var/folders/kp/v_5qvc9n6vb8gb8htz3yqwzm0000gn/T/minyar-october-normal-limits-pap5g2ng/with-limits.sh "clang" -O2 -Wno-override-module -DMINYAR_COMPILER_ARENA -S -emit-llvm runtime/minyar_runtime.c -o build/minyar-compiler-runtime.ll.tmp
sed -E 's/"(target-cpu|target-features|tune-cpu)"="[^"]*" ?//g' build/minyar-compiler-runtime.ll.tmp > build/minyar-compiler-runtime.ll
rm -f build/minyar-compiler-runtime.ll.tmp
zsh /var/folders/kp/v_5qvc9n6vb8gb8htz3yqwzm0000gn/T/minyar-october-normal-limits-pap5g2ng/with-limits.sh "clang" -O2 -Wno-override-module -flto build/compiler-stage1.ll build/minyar-compiler-runtime.ll -lm -o build/compiler-stage1
zsh /var/folders/kp/v_5qvc9n6vb8gb8htz3yqwzm0000gn/T/minyar-october-normal-limits-pap5g2ng/with-limits.sh ./build/compiler-stage1 compiler/compiler.min build/compiler-stage2.ll
zsh /var/folders/kp/v_5qvc9n6vb8gb8htz3yqwzm0000gn/T/minyar-october-normal-limits-pap5g2ng/with-limits.sh "clang" -O2 -Wno-override-module -flto build/compiler-stage2.ll build/minyar-compiler-runtime.ll -lm -o build/minyarc
zsh /var/folders/kp/v_5qvc9n6vb8gb8htz3yqwzm0000gn/T/minyar-october-normal-limits-pap5g2ng/with-limits.sh python3 tests/runtime-cache.py
test_backend_path_and_flags_invalidate_cached_runtime (__main__.RuntimeCache.test_backend_path_and_flags_invalidate_cached_runtime) ... ok
test_custom_runtime_flags_use_invocation_storage (__main__.RuntimeCache.test_custom_runtime_flags_use_invocation_storage) ... ok
test_stack_header_change_rebuilds_runtime (__main__.RuntimeCache.test_stack_header_change_rebuilds_runtime) ... ok
test_standard_runtime_is_reused (__main__.RuntimeCache.test_standard_runtime_is_reused) ... ok

----------------------------------------------------------------------
Ran 4 tests in 11.540s

OK
zsh /var/folders/kp/v_5qvc9n6vb8gb8htz3yqwzm0000gn/T/minyar-october-normal-limits-pap5g2ng/with-limits.sh ./build/minyarc build/module-compiler.min build/module-compiler-stage1.ll
zsh /var/folders/kp/v_5qvc9n6vb8gb8htz3yqwzm0000gn/T/minyar-october-normal-limits-pap5g2ng/with-limits.sh "clang" -O2 -Wno-override-module -flto build/module-compiler-stage1.ll build/minyar-compiler-runtime.ll -lm -o build/module-compiler-stage1
zsh /var/folders/kp/v_5qvc9n6vb8gb8htz3yqwzm0000gn/T/minyar-october-normal-limits-pap5g2ng/with-limits.sh ./build/module-compiler-stage1 build/module-compiler.min build/module-compiler-stage2.ll
zsh /var/folders/kp/v_5qvc9n6vb8gb8htz3yqwzm0000gn/T/minyar-october-normal-limits-pap5g2ng/with-limits.sh "clang" -O2 -Wno-override-module -flto build/module-compiler-stage2.ll build/minyar-compiler-runtime.ll -lm -o build/minyarc-modules
zsh /var/folders/kp/v_5qvc9n6vb8gb8htz3yqwzm0000gn/T/minyar-october-normal-limits-pap5g2ng/with-limits.sh python3 tests/ownership-policy.py
test_loop_backedges_service_debt_only_in_ownership_functions (__main__.OwnershipPolicy.test_loop_backedges_service_debt_only_in_ownership_functions) ... ok
test_module_policy_transitions_and_native_output (__main__.OwnershipPolicy.test_module_policy_transitions_and_native_output) ... ok
test_ordinary_budget_selection_and_errors (__main__.OwnershipPolicy.test_ordinary_budget_selection_and_errors) ... ok
test_source_edit_delta_direct_and_driver (__main__.OwnershipPolicy.test_source_edit_delta_direct_and_driver) ... ok

----------------------------------------------------------------------
Ran 4 tests in 6.345s

OK
zsh /var/folders/kp/v_5qvc9n6vb8gb8htz3yqwzm0000gn/T/minyar-october-normal-limits-pap5g2ng/with-limits.sh python3 tests/stack-ownership.py --clang "clang"
test_bounded_profiles (__main__.StackOwnership.test_bounded_profiles) ... system-k1-native: PASS stack-contract cases=36 scans=12668 K=1 structural=1
system-k1-sanitize: PASS stack-contract cases=36 scans=12668 K=1 structural=1
system-k2-native: PASS stack-contract cases=36 scans=12562 K=2 structural=1
system-k2-sanitize: PASS stack-contract cases=36 scans=12562 K=2 structural=1
system-k8-native: PASS stack-contract cases=36 scans=12201 K=8 structural=1
system-k8-sanitize: PASS stack-contract cases=36 scans=12201 K=8 structural=1
system-k9-native: PASS stack-contract cases=36 scans=12177 K=9 structural=1
system-k9-sanitize: PASS stack-contract cases=36 scans=12177 K=9 structural=1
system-k32-native: PASS stack-contract cases=36 scans=11872 K=32 structural=1
system-k32-sanitize: PASS stack-contract cases=36 scans=11872 K=32 structural=1
system-k1024-native: PASS stack-contract cases=36 scans=9888 K=1024 structural=1
system-k1024-sanitize: PASS stack-contract cases=36 scans=9888 K=1024 structural=1
fixed-k1-native: PASS stack-contract cases=36 scans=12668 K=1 structural=1
fixed-k1-sanitize: PASS stack-contract cases=36 scans=12668 K=1 structural=1
fixed-k2-native: PASS stack-contract cases=36 scans=12562 K=2 structural=1
fixed-k2-sanitize: PASS stack-contract cases=36 scans=12562 K=2 structural=1
fixed-k8-native: PASS stack-contract cases=36 scans=12201 K=8 structural=1
fixed-k8-sanitize: PASS stack-contract cases=36 scans=12201 K=8 structural=1
fixed-k9-native: PASS stack-contract cases=36 scans=12177 K=9 structural=1
fixed-k9-sanitize: PASS stack-contract cases=36 scans=12177 K=9 structural=1
fixed-k32-native: PASS stack-contract cases=36 scans=11872 K=32 structural=1
fixed-k32-sanitize: PASS stack-contract cases=36 scans=11872 K=32 structural=1
fixed-k1024-native: PASS stack-contract cases=36 scans=9888 K=1024 structural=1
fixed-k1024-sanitize: PASS stack-contract cases=36 scans=9888 K=1024 structural=1
lazy-k1-native: PASS stack-contract cases=36 scans=12668 K=1 structural=1
lazy-k1-sanitize: PASS stack-contract cases=36 scans=12668 K=1 structural=1
lazy-k2-native: PASS stack-contract cases=36 scans=12562 K=2 structural=1
lazy-k2-sanitize: PASS stack-contract cases=36 scans=12562 K=2 structural=1
lazy-k8-native: PASS stack-contract cases=36 scans=12201 K=8 structural=1
lazy-k8-sanitize: PASS stack-contract cases=36 scans=12201 K=8 structural=1
lazy-k9-native: PASS stack-contract cases=36 scans=12177 K=9 structural=1
lazy-k9-sanitize: PASS stack-contract cases=36 scans=12177 K=9 structural=1
lazy-k32-native: PASS stack-contract cases=36 scans=11872 K=32 structural=1
lazy-k32-sanitize: PASS stack-contract cases=36 scans=11872 K=32 structural=1
lazy-k1024-native: PASS stack-contract cases=36 scans=9888 K=1024 structural=1
lazy-k1024-sanitize: PASS stack-contract cases=36 scans=9888 K=1024 structural=1
ok
test_eager_and_compiler_arena_fallback (__main__.StackOwnership.test_eager_and_compiler_arena_fallback) ... eager-k32-native: PASS private API eager fallback / arena no-op profile
eager-k32-sanitize: PASS private API eager fallback / arena no-op profile
arena-k32-native: PASS private API eager fallback / arena no-op profile
arena-k32-sanitize: PASS private API eager fallback / arena no-op profile
ok

----------------------------------------------------------------------
Ran 2 tests in 128.998s

OK
zsh /var/folders/kp/v_5qvc9n6vb8gb8htz3yqwzm0000gn/T/minyar-october-normal-limits-pap5g2ng/with-limits.sh python3 tests/memory-contracts-harness.py
Harness evidence: /private/var/folders/kp/v_5qvc9n6vb8gb8htz3yqwzm0000gn/T/minyar-memory-contract-harness-ssvrsvsk
.....
----------------------------------------------------------------------
Ran 5 tests in 8.280s

OK
zsh /var/folders/kp/v_5qvc9n6vb8gb8htz3yqwzm0000gn/T/minyar-october-normal-limits-pap5g2ng/with-limits.sh "clang" -O2 -Wno-override-module -DMINYAR_SYSTEM_HEAP=1 -c runtime/minyar_runtime.c -o build/minyar-runtime.o
zsh /var/folders/kp/v_5qvc9n6vb8gb8htz3yqwzm0000gn/T/minyar-october-normal-limits-pap5g2ng/with-limits.sh "clang" -O2 -Wno-override-module -DMINYAR_SYSTEM_HEAP=1 -S -emit-llvm runtime/minyar_runtime.c -o build/minyar-runtime-release.ll.tmp
sed -E 's/"(target-cpu|target-features|tune-cpu)"="[^"]*" ?//g' build/minyar-runtime-release.ll.tmp > build/minyar-runtime-release.ll
rm -f build/minyar-runtime-release.ll.tmp
zsh /var/folders/kp/v_5qvc9n6vb8gb8htz3yqwzm0000gn/T/minyar-october-normal-limits-pap5g2ng/with-limits.sh python3 tests/launcher-isolation.py
......
----------------------------------------------------------------------
Ran 6 tests in 6.805s

OK
zsh /var/folders/kp/v_5qvc9n6vb8gb8htz3yqwzm0000gn/T/minyar-october-normal-limits-pap5g2ng/with-limits.sh python3 tests/diagnostics.py
19 complete compiler diagnostics match byte-for-byte golden files
zsh /var/folders/kp/v_5qvc9n6vb8gb8htz3yqwzm0000gn/T/minyar-october-normal-limits-pap5g2ng/with-limits.sh python3 tests/conformance.py
11 feature-indexed conformance programs passed at O0 and O2
zsh /var/folders/kp/v_5qvc9n6vb8gb8htz3yqwzm0000gn/T/minyar-october-normal-limits-pap5g2ng/with-limits.sh python3 tests/module-performance.py
chain   100 unchanged       CPU 15.20 ms, wall 16.97 ms
chain   100 entry-edit      CPU 15.08 ms, wall 17.26 ms
chain   100 dependency-edit CPU 15.00 ms, wall 17.32 ms
chain   100 interface-edit  CPU 15.43 ms, wall 17.36 ms
chain   400 unchanged       CPU 60.89 ms, wall 65.56 ms
chain   400 entry-edit      CPU 62.14 ms, wall 66.90 ms
chain   400 dependency-edit CPU 60.35 ms, wall 64.12 ms
chain   400 interface-edit  CPU 61.43 ms, wall 66.56 ms
wide    100 unchanged       CPU 14.97 ms, wall 17.04 ms
wide    100 entry-edit      CPU 15.36 ms, wall 17.61 ms
wide    100 dependency-edit CPU 15.53 ms, wall 17.60 ms
wide    100 interface-edit  CPU 15.14 ms, wall 17.36 ms
wide    400 unchanged       CPU 61.16 ms, wall 64.56 ms
wide    400 entry-edit      CPU 61.91 ms, wall 65.75 ms
wide    400 dependency-edit CPU 61.95 ms, wall 65.12 ms
wide    400 interface-edit  CPU 61.81 ms, wall 65.54 ms
shared  100 unchanged       CPU 16.28 ms, wall 18.26 ms
shared  100 entry-edit      CPU 15.99 ms, wall 18.28 ms
shared  100 dependency-edit CPU 16.04 ms, wall 18.86 ms
shared  100 interface-edit  CPU 16.58 ms, wall 18.68 ms
shared  400 unchanged       CPU 64.20 ms, wall 68.17 ms
shared  400 entry-edit      CPU 63.45 ms, wall 66.64 ms
shared  400 dependency-edit CPU 64.79 ms, wall 67.52 ms
shared  400 interface-edit  CPU 65.13 ms, wall 68.10 ms
/Users/luke/Projects/Minyar-Lang/build/module-performance.json
zsh /var/folders/kp/v_5qvc9n6vb8gb8htz3yqwzm0000gn/T/minyar-october-normal-limits-pap5g2ng/with-limits.sh python3 tests/llvm_sanitizer.py build/compiler-stage1.ll build/compiler-stage1-sanitize.ll
zsh /var/folders/kp/v_5qvc9n6vb8gb8htz3yqwzm0000gn/T/minyar-october-normal-limits-pap5g2ng/with-limits.sh "clang" -O1 -g -fsanitize=address,undefined -fno-omit-frame-pointer -Wno-override-module -DMINYAR_COMPILER_ARENA -c runtime/minyar_runtime.c -o build/minyar-compiler-runtime-sanitize.o
zsh /var/folders/kp/v_5qvc9n6vb8gb8htz3yqwzm0000gn/T/minyar-october-normal-limits-pap5g2ng/with-limits.sh "clang" -O1 -g -fsanitize=address,undefined -fno-omit-frame-pointer -Wno-override-module build/compiler-stage1-sanitize.ll build/minyar-compiler-runtime-sanitize.o -lm -o build/minyarc-sanitize
zsh /var/folders/kp/v_5qvc9n6vb8gb8htz3yqwzm0000gn/T/minyar-october-normal-limits-pap5g2ng/with-limits.sh "clang" -O1 -g -fsanitize=address,undefined -fno-omit-frame-pointer -Wno-override-module -c tests/ownership-runtime.c -o build/ownership-runtime.o
zsh /var/folders/kp/v_5qvc9n6vb8gb8htz3yqwzm0000gn/T/minyar-october-normal-limits-pap5g2ng/with-limits.sh python3 tests/binary-expression-ownership.py
.....
----------------------------------------------------------------------
Ran 5 tests in 4.641s

OK
ASAN_OPTIONS=detect_leaks=0 MINYAR_TEST_COMPILER=./build/minyarc-sanitize MINYAR_TEST_RUNTIME=./build/ownership-runtime.o MINYAR_TEST_LINK_FLAGS=-fsanitize=address,undefined zsh /var/folders/kp/v_5qvc9n6vb8gb8htz3yqwzm0000gn/T/minyar-october-normal-limits-pap5g2ng/with-limits.sh python3 tests/binary-expression-ownership.py
.....
----------------------------------------------------------------------
Ran 5 tests in 6.266s

OK
zsh /var/folders/kp/v_5qvc9n6vb8gb8htz3yqwzm0000gn/T/minyar-october-normal-limits-pap5g2ng/with-limits.sh python3 tests/integer-text-cache.py --clang "clang"
cache limit 0: all four profiles passed natively and with sanitizers
cache limit 1: all four profiles passed natively and with sanitizers
cache limit 42: all four profiles passed natively and with sanitizers
cache limit 43: all four profiles passed natively and with sanitizers
cache limit 256: all four profiles passed natively and with sanitizers
cache limit 32768: all four profiles passed natively and with sanitizers
Zero-cache conversion also passed with 4 KiB fixed and lazy pools.
Invalid limits rejected; zero limit has no cache table.
zsh /var/folders/kp/v_5qvc9n6vb8gb8htz3yqwzm0000gn/T/minyar-october-normal-limits-pap5g2ng/with-limits.sh python3 tests/tokenizer-storage.py --clang "clang"
Tokenizer storage passed: 112 checks, including 241 composed literals per successful matrix run.
zsh /var/folders/kp/v_5qvc9n6vb8gb8htz3yqwzm0000gn/T/minyar-october-normal-limits-pap5g2ng/with-limits.sh python3 tests/temporary-owner-admission.py --clang "clang"
Temporary-owner admission passed: 138 pressure, alias, idle and work-ceiling checks.
Apple clang version 17.0.0 (clang-1700.6.4.2)
Ready: 64-bit C headers, opaque LLVM pointers, and LTO linking verified.
zsh /var/folders/kp/v_5qvc9n6vb8gb8htz3yqwzm0000gn/T/minyar-october-normal-limits-pap5g2ng/with-limits.sh sh tests/smoke.sh
smoke test passed: 11 checks in 3s
zsh /var/folders/kp/v_5qvc9n6vb8gb8htz3yqwzm0000gn/T/minyar-october-normal-limits-pap5g2ng/with-limits.sh python3 tests/release-build.py
...
----------------------------------------------------------------------
Ran 3 tests in 14.907s

OK
zsh /var/folders/kp/v_5qvc9n6vb8gb8htz3yqwzm0000gn/T/minyar-october-normal-limits-pap5g2ng/with-limits.sh python3 tests/recursive-data.py
................
----------------------------------------------------------------------
Ran 16 tests in 6.576s

OK
zsh /var/folders/kp/v_5qvc9n6vb8gb8htz3yqwzm0000gn/T/minyar-october-normal-limits-pap5g2ng/with-limits.sh python3 tests/production-memory.py
test_constructor_borrow_survives_later_argument_replacement (__main__.ProductionMemory.test_constructor_borrow_survives_later_argument_replacement) ... ok
test_empty_literal_context_flows_through_nested_calls_and_add (__main__.ProductionMemory.test_empty_literal_context_flows_through_nested_calls_and_add) ... ok
test_empty_recursive_lists_are_not_mutable_through_return_alias (__main__.ProductionMemory.test_empty_recursive_lists_are_not_mutable_through_return_alias) ... ok
test_fresh_return_calls_preserve_caller_temporaries (__main__.ProductionMemory.test_fresh_return_calls_preserve_caller_temporaries) ... ok
test_generated_shared_recursive_graphs_and_escaping_aliases (__main__.ProductionMemory.test_generated_shared_recursive_graphs_and_escaping_aliases) ... ok
test_module_aliases_cannot_hide_cycle_write (__main__.ProductionMemory.test_module_aliases_cannot_hide_cycle_write) ... ok
test_module_identity_keeps_unrelated_outer_list_mutable (__main__.ProductionMemory.test_module_identity_keeps_unrelated_outer_list_mutable) ... ok
test_nested_list_write_inside_helper_cannot_hide_cycle (__main__.ProductionMemory.test_nested_list_write_inside_helper_cannot_hide_cycle) ... ok
test_nested_literal_type_context_cannot_accept_void_or_wrong_scalars (__main__.ProductionMemory.test_nested_literal_type_context_cannot_accept_void_or_wrong_scalars) ... ok
test_recursive_borrow_escapes_after_ancestor_replacement (__main__.ProductionMemory.test_recursive_borrow_escapes_after_ancestor_replacement) ... ok

----------------------------------------------------------------------
Ran 10 tests in 8.839s

OK
ASAN_OPTIONS=detect_leaks=0 MINYAR_TEST_COMPILER=./build/minyarc-sanitize MINYAR_TEST_RUNTIME=./build/ownership-runtime.o MINYAR_TEST_LINK_FLAGS=-fsanitize=address,undefined zsh /var/folders/kp/v_5qvc9n6vb8gb8htz3yqwzm0000gn/T/minyar-october-normal-limits-pap5g2ng/with-limits.sh python3 tests/recursive-data.py
................
----------------------------------------------------------------------
Ran 16 tests in 14.506s

OK
ASAN_OPTIONS=detect_leaks=0 MINYAR_TEST_COMPILER=./build/minyarc-sanitize MINYAR_TEST_RUNTIME=./build/ownership-runtime.o MINYAR_TEST_LINK_FLAGS=-fsanitize=address,undefined zsh /var/folders/kp/v_5qvc9n6vb8gb8htz3yqwzm0000gn/T/minyar-october-normal-limits-pap5g2ng/with-limits.sh python3 tests/production-memory.py
test_constructor_borrow_survives_later_argument_replacement (__main__.ProductionMemory.test_constructor_borrow_survives_later_argument_replacement) ... ok
test_empty_literal_context_flows_through_nested_calls_and_add (__main__.ProductionMemory.test_empty_literal_context_flows_through_nested_calls_and_add) ... ok
test_empty_recursive_lists_are_not_mutable_through_return_alias (__main__.ProductionMemory.test_empty_recursive_lists_are_not_mutable_through_return_alias) ... ok
test_fresh_return_calls_preserve_caller_temporaries (__main__.ProductionMemory.test_fresh_return_calls_preserve_caller_temporaries) ... ok
test_generated_shared_recursive_graphs_and_escaping_aliases (__main__.ProductionMemory.test_generated_shared_recursive_graphs_and_escaping_aliases) ... ok
test_module_aliases_cannot_hide_cycle_write (__main__.ProductionMemory.test_module_aliases_cannot_hide_cycle_write) ... ok
test_module_identity_keeps_unrelated_outer_list_mutable (__main__.ProductionMemory.test_module_identity_keeps_unrelated_outer_list_mutable) ... ok
test_nested_list_write_inside_helper_cannot_hide_cycle (__main__.ProductionMemory.test_nested_list_write_inside_helper_cannot_hide_cycle) ... ok
test_nested_literal_type_context_cannot_accept_void_or_wrong_scalars (__main__.ProductionMemory.test_nested_literal_type_context_cannot_accept_void_or_wrong_scalars) ... ok
test_recursive_borrow_escapes_after_ancestor_replacement (__main__.ProductionMemory.test_recursive_borrow_escapes_after_ancestor_replacement) ... ok

----------------------------------------------------------------------
Ran 10 tests in 11.186s

OK
zsh /var/folders/kp/v_5qvc9n6vb8gb8htz3yqwzm0000gn/T/minyar-october-normal-limits-pap5g2ng/with-limits.sh python3 experiments/memory/production-contract-model.py
test_automatic_weak_cycle_edge_loses_observable_object (__main__.ProductionContracts.test_automatic_weak_cycle_edge_loses_observable_object) ... ok
test_constant_per_drop_does_not_bound_frame_leave (__main__.ProductionContracts.test_constant_per_drop_does_not_bound_frame_leave) ... ok
test_constructor_and_type_guard_preserve_acyclicity (__main__.ProductionContracts.test_constructor_and_type_guard_preserve_acyclicity) ... ok
test_fixed_cleanup_slice_does_not_bound_retained_bytes (__main__.ProductionContracts.test_fixed_cleanup_slice_does_not_bound_retained_bytes) ... ok
test_fixed_pool_fragmentation_is_a_capacity_limit (__main__.ProductionContracts.test_fixed_pool_fragmentation_is_a_capacity_limit) ... ok
test_only_checking_direct_types_is_unsound (__main__.ProductionContracts.test_only_checking_direct_types_is_unsound) ... ok

----------------------------------------------------------------------
Ran 6 tests in 0.286s

OK
zsh /var/folders/kp/v_5qvc9n6vb8gb8htz3yqwzm0000gn/T/minyar-october-normal-limits-pap5g2ng/with-limits.sh python3 tests/recursive-mutation.py
control compiler: all three targeted contracts pass; native cases pass at O0/O2
cycle: detected by test_direct_self_cycle_add_and_overwrite_rejected (AssertionError: 0 != 1)
literal-owner: detected by test_literal_retains_earlier_projection_before_later_mutation (AddressSanitizer: heap-use-after-free)
context: detected by test_empty_literal_context_flows_through_nested_calls_and_add (an argument passed to nodes has the wrong type)
All three recursive compiler mutants detected
zsh /var/folders/kp/v_5qvc9n6vb8gb8htz3yqwzm0000gn/T/minyar-october-normal-limits-pap5g2ng/with-limits.sh python3 tests/compact-ownership.py
........
----------------------------------------------------------------------
Ran 8 tests in 7.484s

OK
ASAN_OPTIONS=detect_leaks=0 MINYAR_TEST_COMPILER=./build/minyarc-sanitize MINYAR_TEST_RUNTIME=./build/ownership-runtime.o MINYAR_TEST_LINK_FLAGS=-fsanitize=address,undefined zsh /var/folders/kp/v_5qvc9n6vb8gb8htz3yqwzm0000gn/T/minyar-october-normal-limits-pap5g2ng/with-limits.sh python3 tests/compact-ownership.py
........
----------------------------------------------------------------------
Ran 8 tests in 9.083s

OK
zsh /var/folders/kp/v_5qvc9n6vb8gb8htz3yqwzm0000gn/T/minyar-october-normal-limits-pap5g2ng/with-limits.sh python3 tests/adversarial.py
test_arithmetic_against_integer_oracle (__main__.Adversarial.test_arithmetic_against_integer_oracle) ... ok
test_borrowed_parameters_can_be_reassigned_and_escape (__main__.Adversarial.test_borrowed_parameters_can_be_reassigned_and_escape) ... ok
test_diagnostic_lines_after_multiline_literals (__main__.Adversarial.test_diagnostic_lines_after_multiline_literals) ... ok
test_index_and_rhs_evaluation_order (__main__.Adversarial.test_index_and_rhs_evaluation_order) ... ok
test_large_acyclic_type_graph_and_hidden_back_edge (__main__.Adversarial.test_large_acyclic_type_graph_and_hidden_back_edge) ... ok
test_list_grows_while_evaluating_its_own_add_argument (__main__.Adversarial.test_list_grows_while_evaluating_its_own_add_argument) ... ok
test_nested_construction_returns_and_shared_diamond (__main__.Adversarial.test_nested_construction_returns_and_shared_diamond) ... ok
test_owned_expressions_cross_every_transfer_destination (__main__.Adversarial.test_owned_expressions_cross_every_transfer_destination) ... ok
test_readonly_parameter_needs_no_ownership_frame (__main__.Adversarial.test_readonly_parameter_needs_no_ownership_frame) ... ok
test_receiver_survives_mutation_in_index_and_slice_arguments (__main__.Adversarial.test_receiver_survives_mutation_in_index_and_slice_arguments) ... ok
test_shadowing_and_early_returns_through_nested_scopes (__main__.Adversarial.test_shadowing_and_early_returns_through_nested_scopes) ... ok
test_short_circuit_effects_and_temporary_lifetimes (__main__.Adversarial.test_short_circuit_effects_and_temporary_lifetimes) ... ok
test_source_truncations_produce_language_diagnostics (__main__.Adversarial.test_source_truncations_produce_language_diagnostics) ... ok
test_transfer_operations_replace_temporary_owners (__main__.Adversarial.test_transfer_operations_replace_temporary_owners) ... ok
test_unicode_metamorphic_properties (__main__.Adversarial.test_unicode_metamorphic_properties) ... ok
test_unreachable_code_still_has_type_checks (__main__.Adversarial.test_unreachable_code_still_has_type_checks) ... ok

----------------------------------------------------------------------
Ran 16 tests in 11.926s

OK
ASAN_OPTIONS=detect_leaks=0 MINYAR_TEST_COMPILER=./build/minyarc-sanitize MINYAR_TEST_RUNTIME=./build/ownership-runtime.o MINYAR_TEST_LINK_FLAGS=-fsanitize=address,undefined zsh /var/folders/kp/v_5qvc9n6vb8gb8htz3yqwzm0000gn/T/minyar-october-normal-limits-pap5g2ng/with-limits.sh python3 tests/adversarial.py
test_arithmetic_against_integer_oracle (__main__.Adversarial.test_arithmetic_against_integer_oracle) ... ok
test_borrowed_parameters_can_be_reassigned_and_escape (__main__.Adversarial.test_borrowed_parameters_can_be_reassigned_and_escape) ... ok
test_diagnostic_lines_after_multiline_literals (__main__.Adversarial.test_diagnostic_lines_after_multiline_literals) ... ok
test_index_and_rhs_evaluation_order (__main__.Adversarial.test_index_and_rhs_evaluation_order) ... ok
test_large_acyclic_type_graph_and_hidden_back_edge (__main__.Adversarial.test_large_acyclic_type_graph_and_hidden_back_edge) ... ok
test_list_grows_while_evaluating_its_own_add_argument (__main__.Adversarial.test_list_grows_while_evaluating_its_own_add_argument) ... ok
test_nested_construction_returns_and_shared_diamond (__main__.Adversarial.test_nested_construction_returns_and_shared_diamond) ... ok
test_owned_expressions_cross_every_transfer_destination (__main__.Adversarial.test_owned_expressions_cross_every_transfer_destination) ... ok
test_readonly_parameter_needs_no_ownership_frame (__main__.Adversarial.test_readonly_parameter_needs_no_ownership_frame) ... ok
test_receiver_survives_mutation_in_index_and_slice_arguments (__main__.Adversarial.test_receiver_survives_mutation_in_index_and_slice_arguments) ... ok
test_shadowing_and_early_returns_through_nested_scopes (__main__.Adversarial.test_shadowing_and_early_returns_through_nested_scopes) ... ok
test_short_circuit_effects_and_temporary_lifetimes (__main__.Adversarial.test_short_circuit_effects_and_temporary_lifetimes) ... ok
test_source_truncations_produce_language_diagnostics (__main__.Adversarial.test_source_truncations_produce_language_diagnostics) ... ok
test_transfer_operations_replace_temporary_owners (__main__.Adversarial.test_transfer_operations_replace_temporary_owners) ... ok
test_unicode_metamorphic_properties (__main__.Adversarial.test_unicode_metamorphic_properties) ... ok
test_unreachable_code_still_has_type_checks (__main__.Adversarial.test_unreachable_code_still_has_type_checks) ... ok

----------------------------------------------------------------------
Ran 16 tests in 23.251s

OK
zsh /var/folders/kp/v_5qvc9n6vb8gb8htz3yqwzm0000gn/T/minyar-october-normal-limits-pap5g2ng/with-limits.sh python3 tests/ownership-mutation.py
control: passed
local retains transferred ownership: detected
local replacement forgets previous owner: detected
list retains transferred ownership: detected
record retains transferred ownership: detected
All 4 ownership mutants detected
zsh /var/folders/kp/v_5qvc9n6vb8gb8htz3yqwzm0000gn/T/minyar-october-normal-limits-pap5g2ng/with-limits.sh python3 tests/regressions.py
test_builtin_arity (__main__.Regressions.test_builtin_arity) ... ok
test_builtin_types (__main__.Regressions.test_builtin_types) ... ok
test_closed_standard_output_is_reported (__main__.Regressions.test_closed_standard_output_is_reported) ... ok
test_field_and_method_selectors_keep_their_receiver_namespace (__main__.Regressions.test_field_and_method_selectors_keep_their_receiver_namespace) ... ok
test_file_io_failures_stop_cleanly (__main__.Regressions.test_file_io_failures_stop_cleanly) ... ok
test_file_read_preserves_first_byte_and_empty_files (__main__.Regressions.test_file_read_preserves_first_byte_and_empty_files) ... ok
test_integer_boundaries (__main__.Regressions.test_integer_boundaries) ... ok
test_invalid_arithmetic_and_ordering (__main__.Regressions.test_invalid_arithmetic_and_ordering) ... ok
test_invalid_utf8_files (__main__.Regressions.test_invalid_utf8_files) ... ok
test_main_signature (__main__.Regressions.test_main_signature) ... ok
test_methods_reject_the_wrong_receiver_kind (__main__.Regressions.test_methods_reject_the_wrong_receiver_kind) ... ok
test_missing_return (__main__.Regressions.test_missing_return) ... ok
test_non_ascii_identifier_has_actionable_diagnostic (__main__.Regressions.test_non_ascii_identifier_has_actionable_diagnostic) ... ok
test_nonvalues_and_index_types (__main__.Regressions.test_nonvalues_and_index_types) ... ok
test_nothing_is_only_a_return_type (__main__.Regressions.test_nothing_is_only_a_return_type) ... ok
test_return_paths (__main__.Regressions.test_return_paths) ... ok
test_unicode_character_output (__main__.Regressions.test_unicode_character_output) ... ok
test_unicode_files_and_arguments (__main__.Regressions.test_unicode_files_and_arguments) ... ok
test_unicode_index_does_not_depend_on_length (__main__.Regressions.test_unicode_index_does_not_depend_on_length) ... ok
test_unicode_properties (__main__.Regressions.test_unicode_properties) ... ok
test_unreachable_code_preserves_return (__main__.Regressions.test_unreachable_code_preserves_return) ... ok
test_utf8_byte_order_mark_is_accepted (__main__.Regressions.test_utf8_byte_order_mark_is_accepted) ... ok
test_valid_operators (__main__.Regressions.test_valid_operators) ... ok

----------------------------------------------------------------------
Ran 23 tests in 13.132s

OK
zsh /var/folders/kp/v_5qvc9n6vb8gb8htz3yqwzm0000gn/T/minyar-october-normal-limits-pap5g2ng/with-limits.sh python3 tests/memory.py
test_discarded_text_is_reclaimed (__main__.Memory.test_discarded_text_is_reclaimed) ... ok
test_shared_returned_and_nested_values (__main__.Memory.test_shared_returned_and_nested_values) ... ok

----------------------------------------------------------------------
Ran 2 tests in 1.366s

OK
discarded Text -O0: 1.3 MiB peak resident memory
discarded Text -O2: 1.3 MiB peak resident memory
zsh /var/folders/kp/v_5qvc9n6vb8gb8htz3yqwzm0000gn/T/minyar-october-normal-limits-pap5g2ng/with-limits.sh "clang" -std=c11 -O2 -Wall -Wextra -Werror tests/runtime-unit.c -lm -o build/runtime-unit
zsh /var/folders/kp/v_5qvc9n6vb8gb8htz3yqwzm0000gn/T/minyar-october-normal-limits-pap5g2ng/with-limits.sh ./build/runtime-unit
runtime ownership, Unicode, alias model, deep cleanup, growth and cache checks passed
zsh /var/folders/kp/v_5qvc9n6vb8gb8htz3yqwzm0000gn/T/minyar-october-normal-limits-pap5g2ng/with-limits.sh sh tests/run-module-tests.sh
module resolution, visibility, identity, cycles, and native linking verified
python3 tests/fuzz-harness.py
test_correct_stdout_does_not_hide_runtime_diagnostics (__main__.FuzzHarness.test_correct_stdout_does_not_hide_runtime_diagnostics) ... ok
test_environment_selects_candidate_compiler_and_runtime (__main__.FuzzHarness.test_environment_selects_candidate_compiler_and_runtime) ... ok
test_every_seed_requires_an_oracle (__main__.FuzzHarness.test_every_seed_requires_an_oracle) ... ok
test_failure_retains_source_and_machine_readable_evidence (__main__.FuzzHarness.test_failure_retains_source_and_machine_readable_evidence) ... ok
test_invalid_utf8_output_is_reported_without_losing_evidence (__main__.FuzzHarness.test_invalid_utf8_output_is_reported_without_losing_evidence) ... ok
test_regression_corpus_cannot_be_empty (__main__.FuzzHarness.test_regression_corpus_cannot_be_empty) ... ok
test_rejecting_corpus_rejects_unexpected_positive_status (__main__.FuzzHarness.test_rejecting_corpus_rejects_unexpected_positive_status) ... ok
test_rejecting_corpus_requires_error_status (__main__.FuzzHarness.test_rejecting_corpus_requires_error_status) ... ok
test_sanitizer_failure_is_not_a_user_rejection (__main__.FuzzHarness.test_sanitizer_failure_is_not_a_user_rejection) ... ok
test_timeout_terminates_descendants (__main__.FuzzHarness.test_timeout_terminates_descendants) ... ok

----------------------------------------------------------------------
Ran 10 tests in 0.853s

OK
zsh /var/folders/kp/v_5qvc9n6vb8gb8htz3yqwzm0000gn/T/minyar-october-normal-limits-pap5g2ng/with-limits.sh python3 tests/fuzz.py
fuzz evidence: /Users/luke/Projects/Minyar-Lang/build/fuzz/campaign-z_f8ep2f
deterministic fuzzing passed: 200 expressions, 40 full-language cases, 40 semantic cases in two forms, 200 hostile inputs, 24 modules (all valid programs at O0/O2)
zsh /var/folders/kp/v_5qvc9n6vb8gb8htz3yqwzm0000gn/T/minyar-october-normal-limits-pap5g2ng/with-limits.sh python3 tests/stack-overflow.py
compiler and generated-program stack overflows stop cleanly
zsh /var/folders/kp/v_5qvc9n6vb8gb8htz3yqwzm0000gn/T/minyar-october-normal-limits-pap5g2ng/with-limits.sh python3 tests/mutation.py
killed compiler mutant: allow-cycles
killed compiler mutant: invert-visibility
killed compiler mutant: allow-module-side-effects
killed compiler mutant: break-parent-paths
killed compiler mutant: reject-valid-entry-points
killed compiler mutant: break-indexed-lookups
killed compiler mutant: widen-inline-list-get-bounds
killed compiler mutant: widen-inline-list-set-bounds
killed compiler mutant: reject-valid-inline-overflow
killed compiler mutant: reject-valid-inline-division
killed runtime mutant: list-boundary
killed runtime mutant: reject-valid-arithmetic
killed runtime mutant: reject-valid-division
killed runtime mutant: break-text-equality
killed runtime mutant: reject-valid-text-slice
all seeded compiler and runtime mutants were killed
zsh /var/folders/kp/v_5qvc9n6vb8gb8htz3yqwzm0000gn/T/minyar-october-normal-limits-pap5g2ng/with-limits.sh ./build/minyarc compiler/compiler.min build/compiler-stage3.ll
zsh /var/folders/kp/v_5qvc9n6vb8gb8htz3yqwzm0000gn/T/minyar-october-normal-limits-pap5g2ng/with-limits.sh python3 tests/performance.py
self-compile: wall 0.010s, CPU 0.008s, peak 9.2 MiB
compile statements    2000 -> 0.009s   x4 -> 0.031s   ratio 3.5
compile locals        4000 -> 0.003s   x4 -> 0.007s   ratio 2.1
compile modules         32 -> 0.003s   x4 -> 0.005s   ratio 1.7
compile functions      500 -> 0.003s   x4 -> 0.008s   ratio 2.5
compile records        500 -> 0.002s   x4 -> 0.005s   ratio 1.9
runtime benchmark   scale  2 -> 0.027s   x4 -> 0.106s   ratio 3.9
no baseline at build/performance-baseline.json; run with --save-baseline to create one
performance checks passed
zsh /var/folders/kp/v_5qvc9n6vb8gb8htz3yqwzm0000gn/T/minyar-october-normal-limits-pap5g2ng/with-limits.sh python3 tests/scaling.py
compiler scaling verified: 250 declarations 0.002s, 2000 declarations 0.004s, 250 adversarial calls 0.002s, 2000 adversarial calls 0.004s, 200-module graph 0.008s
python3 tests/self-compile-budget-harness.py
..
----------------------------------------------------------------------
Ran 2 tests in 0.001s

OK
python3 tests/self-compile-budget.py
self-compile, best of 3 batches of 100 runs on arm64:
  wall 90th percentile: 10.60 ms (limit 25.00 ms)
  CPU 90th percentile:  7.82 ms (limit 22.00 ms)
  peak memory:          9.3 MiB (limit 10.0 MiB)
  instructions retired: 71.79 M (limit 75.00 M)
self-compile budget met
zsh /var/folders/kp/v_5qvc9n6vb8gb8htz3yqwzm0000gn/T/minyar-october-normal-limits-pap5g2ng/with-limits.sh python3 tests/generated-stack-sanitizer.py --clang "clang"
/var/folders/kp/v_5qvc9n6vb8gb8htz3yqwzm0000gn/T/minyar-generated-asan-gti56xob
ASAN_OPTIONS=detect_leaks=0 zsh /var/folders/kp/v_5qvc9n6vb8gb8htz3yqwzm0000gn/T/minyar-october-normal-limits-pap5g2ng/with-limits.sh ./build/minyarc-sanitize compiler/compiler.min build/compiler-sanitized.ll
cmp build/compiler-stage2.ll build/compiler-sanitized.ll
cmp build/compiler-stage3.ll build/compiler-sanitized.ll
zsh /var/folders/kp/v_5qvc9n6vb8gb8htz3yqwzm0000gn/T/minyar-october-normal-limits-pap5g2ng/with-limits.sh python3 tests/stack-guard-sanitizer.py --clang "clang"
ASan fake-stack mode preserves the native stack guard with and without LTO
zsh /var/folders/kp/v_5qvc9n6vb8gb8htz3yqwzm0000gn/T/minyar-october-normal-limits-pap5g2ng/with-limits.sh "clang" -O1 -g -fsanitize=address,undefined -fno-omit-frame-pointer -Wno-override-module -DMINYAR_SYSTEM_HEAP=1 -c runtime/minyar_runtime.c -o build/minyar-runtime-sanitize.o
zsh /var/folders/kp/v_5qvc9n6vb8gb8htz3yqwzm0000gn/T/minyar-october-normal-limits-pap5g2ng/with-limits.sh "clang" -O1 -g -fsanitize=address,undefined -fno-omit-frame-pointer -Wno-override-module tests/runtime-unit.c -lm -o build/runtime-unit-sanitize
ASAN_OPTIONS=detect_leaks=0 MINYAR_TEST_COMPILER=./build/minyarc-sanitize MINYAR_TEST_RUNTIME=./build/minyar-runtime-sanitize.o MINYAR_TEST_LINK_FLAGS=-fsanitize=address,undefined zsh /var/folders/kp/v_5qvc9n6vb8gb8htz3yqwzm0000gn/T/minyar-october-normal-limits-pap5g2ng/with-limits.sh python3 tests/checked-arithmetic.py
......
----------------------------------------------------------------------
Ran 6 tests in 9.625s

OK
ASAN_OPTIONS=detect_leaks=0 MINYAR_TEST_COMPILER=./build/minyarc-sanitize MINYAR_TEST_RUNTIME=./build/minyar-runtime-sanitize.o MINYAR_TEST_LINK_FLAGS=-fsanitize=address,undefined zsh /var/folders/kp/v_5qvc9n6vb8gb8htz3yqwzm0000gn/T/minyar-october-normal-limits-pap5g2ng/with-limits.sh python3 tests/checked-scalars.py
........
----------------------------------------------------------------------
Ran 8 tests in 21.382s

OK
zsh /var/folders/kp/v_5qvc9n6vb8gb8htz3yqwzm0000gn/T/minyar-october-normal-limits-pap5g2ng/with-limits.sh python3 tests/runtime-bytes.py --clang "clang" --sanitize
Bytes model and work bounds passed
eager: 20,000 model transitions and work bounds passed
Bytes model and work bounds passed
arena: 20,000 model transitions and work bounds passed
Bytes model and work bounds passed
system: 20,000 model transitions and work bounds passed
Bytes model and work bounds passed
fixed: 20,000 model transitions and work bounds passed
Bytes model and work bounds passed
lazy: 20,000 model transitions and work bounds passed
zsh /var/folders/kp/v_5qvc9n6vb8gb8htz3yqwzm0000gn/T/minyar-october-normal-limits-pap5g2ng/with-limits.sh python3 tests/runtime-traps.py --clang "clang" --sanitize
eager: valid arithmetic and 11 exact failure paths passed
arena: valid arithmetic and 11 exact failure paths passed
system: valid arithmetic and 11 exact failure paths passed
fixed: valid arithmetic and 11 exact failure paths passed
lazy: valid arithmetic and 11 exact failure paths passed
zsh /var/folders/kp/v_5qvc9n6vb8gb8htz3yqwzm0000gn/T/minyar-october-normal-limits-pap5g2ng/with-limits.sh python3 tests/llvm_sanitizer.py build/module-compiler-stage2.ll build/module-compiler-sanitize.ll
zsh /var/folders/kp/v_5qvc9n6vb8gb8htz3yqwzm0000gn/T/minyar-october-normal-limits-pap5g2ng/with-limits.sh "clang" -O1 -g -fsanitize=address,undefined -fno-omit-frame-pointer -Wno-override-module build/module-compiler-sanitize.ll build/minyar-compiler-runtime-sanitize.o -lm -o build/minyarc-modules-sanitize
ASAN_OPTIONS=detect_leaks=0 MINYAR_TEST_COMPILER=./build/minyarc-sanitize MINYAR_TEST_MODULE_COMPILER=./build/minyarc-modules-sanitize MINYAR_TEST_RUNTIME=./build/minyar-runtime-sanitize.o MINYAR_TEST_LINK_FLAGS=-fsanitize=address,undefined zsh /var/folders/kp/v_5qvc9n6vb8gb8htz3yqwzm0000gn/T/minyar-october-normal-limits-pap5g2ng/with-limits.sh python3 tests/compiler-hardening.py
..............................
----------------------------------------------------------------------
Ran 30 tests in 23.450s

OK
ASAN_OPTIONS=detect_leaks=0 MINYAR_TEST_COMPILER=./build/minyarc-sanitize MINYAR_TEST_RUNTIME=./build/minyar-runtime-sanitize.o MINYAR_TEST_LINK_FLAGS=-fsanitize=address,undefined zsh /var/folders/kp/v_5qvc9n6vb8gb8htz3yqwzm0000gn/T/minyar-october-normal-limits-pap5g2ng/with-limits.sh python3 tests/list-access.py
......
----------------------------------------------------------------------
Ran 6 tests in 17.159s

OK
zsh /var/folders/kp/v_5qvc9n6vb8gb8htz3yqwzm0000gn/T/minyar-october-normal-limits-pap5g2ng/with-limits.sh python3 tests/runtime-numeric.py --mode sanitize
numeric evidence: /Users/luke/Projects/Minyar-Lang/build/numeric/campaign-_0ymo7bp
[
  {
    "mode": "sanitize",
    "roundtrip_values": 37628,
    "golden_values": 24,
    "budget": {
      "formatted": 2001,
      "snprintf_calls": 2001,
      "strtod_calls": 0
    },
    "language_aliases": [
      "O0",
      "O2"
    ]
  }
]
ASAN_OPTIONS=detect_leaks=0 MINYAR_TEST_COMPILER=./build/minyarc-sanitize MINYAR_TEST_MODULE_COMPILER=./build/minyarc-modules-sanitize MINYAR_TEST_RUNTIME=./build/minyar-runtime-sanitize.o MINYAR_TEST_LINK_FLAGS=-fsanitize=address,undefined zsh /var/folders/kp/v_5qvc9n6vb8gb8htz3yqwzm0000gn/T/minyar-october-normal-limits-pap5g2ng/with-limits.sh python3 tests/source-map.py
......
----------------------------------------------------------------------
Ran 6 tests in 10.442s

OK
ASAN_OPTIONS=detect_leaks=0 MINYAR_TEST_COMPILER=./build/minyarc-sanitize MINYAR_TEST_MODULE_COMPILER=./build/minyarc-modules-sanitize MINYAR_TEST_RUNTIME=./build/minyar-runtime-sanitize.o MINYAR_TEST_LINK_FLAGS=-fsanitize=address,undefined zsh /var/folders/kp/v_5qvc9n6vb8gb8htz3yqwzm0000gn/T/minyar-october-normal-limits-pap5g2ng/with-limits.sh python3 tests/linkage.py
......
----------------------------------------------------------------------
Ran 6 tests in 12.561s

OK
ASAN_OPTIONS=detect_leaks=0 MINYAR_TEST_COMPILER=./build/minyarc-sanitize MINYAR_TEST_RUNTIME=./build/minyar-runtime-sanitize.o MINYAR_TEST_LINK_FLAGS=-fsanitize=address,undefined zsh /var/folders/kp/v_5qvc9n6vb8gb8htz3yqwzm0000gn/T/minyar-october-normal-limits-pap5g2ng/with-limits.sh python3 tests/symbol-order.py
.
----------------------------------------------------------------------
Ran 1 test in 2.675s

OK
ASAN_OPTIONS=detect_leaks=0 MINYAR_TEST_COMPILER=./build/minyarc-sanitize zsh /var/folders/kp/v_5qvc9n6vb8gb8htz3yqwzm0000gn/T/minyar-october-normal-limits-pap5g2ng/with-limits.sh sh tests/run-module-tests.sh
module resolution, visibility, identity, cycles, and native linking verified
ASAN_OPTIONS=detect_leaks=0 zsh /var/folders/kp/v_5qvc9n6vb8gb8htz3yqwzm0000gn/T/minyar-october-normal-limits-pap5g2ng/with-limits.sh python3 tests/fuzz.py --compiler build/minyarc-sanitize --cases 100 --hostile-timeout 15
fuzz evidence: /Users/luke/Projects/Minyar-Lang/build/fuzz/campaign-cyn4rpgl
deterministic fuzzing passed: 100 expressions, 20 full-language cases, 20 semantic cases in two forms, 100 hostile inputs, 24 modules (all valid programs at O0/O2)
ASAN_OPTIONS=detect_leaks=0 zsh /var/folders/kp/v_5qvc9n6vb8gb8htz3yqwzm0000gn/T/minyar-october-normal-limits-pap5g2ng/with-limits.sh ./build/runtime-unit-sanitize
runtime ownership, Unicode, alias model, deep cleanup, growth and cache checks passed
ASAN_OPTIONS=detect_leaks=0 MINYAR_TEST_COMPILER=./build/minyarc-sanitize MINYAR_TEST_RUNTIME=./build/minyar-runtime-sanitize.o MINYAR_TEST_LINK_FLAGS=-fsanitize=address,undefined zsh /var/folders/kp/v_5qvc9n6vb8gb8htz3yqwzm0000gn/T/minyar-october-normal-limits-pap5g2ng/with-limits.sh python3 tests/regressions.py
test_builtin_arity (__main__.Regressions.test_builtin_arity) ... ok
test_builtin_types (__main__.Regressions.test_builtin_types) ... ok
test_closed_standard_output_is_reported (__main__.Regressions.test_closed_standard_output_is_reported) ... ok
test_field_and_method_selectors_keep_their_receiver_namespace (__main__.Regressions.test_field_and_method_selectors_keep_their_receiver_namespace) ... ok
test_file_io_failures_stop_cleanly (__main__.Regressions.test_file_io_failures_stop_cleanly) ... ok
test_file_read_preserves_first_byte_and_empty_files (__main__.Regressions.test_file_read_preserves_first_byte_and_empty_files) ... ok
test_integer_boundaries (__main__.Regressions.test_integer_boundaries) ... ok
test_invalid_arithmetic_and_ordering (__main__.Regressions.test_invalid_arithmetic_and_ordering) ... ok
test_invalid_utf8_files (__main__.Regressions.test_invalid_utf8_files) ... ok
test_main_signature (__main__.Regressions.test_main_signature) ... ok
test_methods_reject_the_wrong_receiver_kind (__main__.Regressions.test_methods_reject_the_wrong_receiver_kind) ... ok
test_missing_return (__main__.Regressions.test_missing_return) ... ok
test_non_ascii_identifier_has_actionable_diagnostic (__main__.Regressions.test_non_ascii_identifier_has_actionable_diagnostic) ... ok
test_nonvalues_and_index_types (__main__.Regressions.test_nonvalues_and_index_types) ... ok
test_nothing_is_only_a_return_type (__main__.Regressions.test_nothing_is_only_a_return_type) ... ok
test_return_paths (__main__.Regressions.test_return_paths) ... ok
test_unicode_character_output (__main__.Regressions.test_unicode_character_output) ... ok
test_unicode_files_and_arguments (__main__.Regressions.test_unicode_files_and_arguments) ... ok
test_unicode_index_does_not_depend_on_length (__main__.Regressions.test_unicode_index_does_not_depend_on_length) ... ok
test_unicode_properties (__main__.Regressions.test_unicode_properties) ... ok
test_unreachable_code_preserves_return (__main__.Regressions.test_unreachable_code_preserves_return) ... ok
test_utf8_byte_order_mark_is_accepted (__main__.Regressions.test_utf8_byte_order_mark_is_accepted) ... ok
test_valid_operators (__main__.Regressions.test_valid_operators) ... ok

----------------------------------------------------------------------
Ran 23 tests in 21.848s

OK
ASAN_OPTIONS=detect_leaks=0 MINYAR_TEST_RUNTIME=./build/minyar-runtime-sanitize.o MINYAR_TEST_LINK_FLAGS=-fsanitize=address,undefined zsh /var/folders/kp/v_5qvc9n6vb8gb8htz3yqwzm0000gn/T/minyar-october-normal-limits-pap5g2ng/with-limits.sh python3 tests/ownership.py
test_alias_and_self_assignment (__main__.Ownership.test_alias_and_self_assignment) ... ok
test_borrow_survives_mutating_argument (__main__.Ownership.test_borrow_survives_mutating_argument) ... ok
test_generated_alias_programs (__main__.Ownership.test_generated_alias_programs) ... ok
test_graph_example (__main__.Ownership.test_graph_example) ... ok
test_native_output_uses_ownership_not_tracing (__main__.Ownership.test_native_output_uses_ownership_not_tracing) ... ok
test_nested_shared_lists_and_records (__main__.Ownership.test_nested_shared_lists_and_records) ... ok
test_recursive_mutation_checker_against_independent_model (__main__.Ownership.test_recursive_mutation_checker_against_independent_model) ... ok
test_recursive_shapes_without_mutations_are_supported (__main__.Ownership.test_recursive_shapes_without_mutations_are_supported) ... ok
test_returns_reassignments_and_identity_conversion (__main__.Ownership.test_returns_reassignments_and_identity_conversion) ... ok
test_scalar_field_read_needs_no_extra_owner (__main__.Ownership.test_scalar_field_read_needs_no_extra_owner) ... ok
test_unfinished_field_read_has_a_language_diagnostic (__main__.Ownership.test_unfinished_field_read_has_a_language_diagnostic) ... ok

----------------------------------------------------------------------
Ran 11 tests in 11.906s

OK
ASAN_OPTIONS=detect_leaks=0 MINYAR_TEST_RUNTIME=./build/minyar-runtime-sanitize.o MINYAR_TEST_LINK_FLAGS=-fsanitize=address,undefined zsh /var/folders/kp/v_5qvc9n6vb8gb8htz3yqwzm0000gn/T/minyar-october-normal-limits-pap5g2ng/with-limits.sh python3 tests/memory.py Memory.test_shared_returned_and_nested_values
test_shared_returned_and_nested_values (__main__.Memory.test_shared_returned_and_nested_values) ... ok

----------------------------------------------------------------------
Ran 1 test in 0.793s

OK
zsh /var/folders/kp/v_5qvc9n6vb8gb8htz3yqwzm0000gn/T/minyar-october-normal-limits-pap5g2ng/with-limits.sh python3 tests/ownership.py
test_alias_and_self_assignment (__main__.Ownership.test_alias_and_self_assignment) ... ok
test_borrow_survives_mutating_argument (__main__.Ownership.test_borrow_survives_mutating_argument) ... ok
test_generated_alias_programs (__main__.Ownership.test_generated_alias_programs) ... ok
test_graph_example (__main__.Ownership.test_graph_example) ... ok
test_native_output_uses_ownership_not_tracing (__main__.Ownership.test_native_output_uses_ownership_not_tracing) ... ok
test_nested_shared_lists_and_records (__main__.Ownership.test_nested_shared_lists_and_records) ... ok
test_recursive_mutation_checker_against_independent_model (__main__.Ownership.test_recursive_mutation_checker_against_independent_model) ... ok
test_recursive_shapes_without_mutations_are_supported (__main__.Ownership.test_recursive_shapes_without_mutations_are_supported) ... ok
test_returns_reassignments_and_identity_conversion (__main__.Ownership.test_returns_reassignments_and_identity_conversion) ... ok
test_scalar_field_read_needs_no_extra_owner (__main__.Ownership.test_scalar_field_read_needs_no_extra_owner) ... ok
test_unfinished_field_read_has_a_language_diagnostic (__main__.Ownership.test_unfinished_field_read_has_a_language_diagnostic) ... ok

----------------------------------------------------------------------
Ran 11 tests in 9.738s

OK
ASAN_OPTIONS=detect_leaks=0 MINYAR_TEST_RUNTIME=./build/ownership-runtime.o MINYAR_TEST_LINK_FLAGS=-fsanitize=address,undefined zsh /var/folders/kp/v_5qvc9n6vb8gb8htz3yqwzm0000gn/T/minyar-october-normal-limits-pap5g2ng/with-limits.sh python3 tests/ownership.py
test_alias_and_self_assignment (__main__.Ownership.test_alias_and_self_assignment) ... ok
test_borrow_survives_mutating_argument (__main__.Ownership.test_borrow_survives_mutating_argument) ... ok
test_generated_alias_programs (__main__.Ownership.test_generated_alias_programs) ... ok
test_graph_example (__main__.Ownership.test_graph_example) ... ok
test_native_output_uses_ownership_not_tracing (__main__.Ownership.test_native_output_uses_ownership_not_tracing) ... ok
test_nested_shared_lists_and_records (__main__.Ownership.test_nested_shared_lists_and_records) ... ok
test_recursive_mutation_checker_against_independent_model (__main__.Ownership.test_recursive_mutation_checker_against_independent_model) ... ok
test_recursive_shapes_without_mutations_are_supported (__main__.Ownership.test_recursive_shapes_without_mutations_are_supported) ... ok
test_returns_reassignments_and_identity_conversion (__main__.Ownership.test_returns_reassignments_and_identity_conversion) ... ok
test_scalar_field_read_needs_no_extra_owner (__main__.Ownership.test_scalar_field_read_needs_no_extra_owner) ... ok
test_unfinished_field_read_has_a_language_diagnostic (__main__.Ownership.test_unfinished_field_read_has_a_language_diagnostic) ... ok

----------------------------------------------------------------------
Ran 11 tests in 11.967s

OK
ASAN_OPTIONS=detect_leaks=0 MINYAR_TEST_RUNTIME=./build/ownership-runtime.o MINYAR_TEST_LINK_FLAGS=-fsanitize=address,undefined zsh /var/folders/kp/v_5qvc9n6vb8gb8htz3yqwzm0000gn/T/minyar-october-normal-limits-pap5g2ng/with-limits.sh python3 tests/memory.py Memory.test_shared_returned_and_nested_values
test_shared_returned_and_nested_values (__main__.Memory.test_shared_returned_and_nested_values) ... ok

----------------------------------------------------------------------
Ran 1 test in 0.782s

OK
./build/minyarc examples/hello.min build/hello.ll
"clang" -O2 -Wno-override-module build/hello.ll build/minyar-runtime.o -lm -o build/hello
./build/minyarc examples/language-tour.min build/language-tour.ll
"clang" -O2 -Wno-override-module build/language-tour.ll build/minyar-runtime.o -lm -o build/language-tour
./build/minyarc examples/records.min build/records.ll
"clang" -O2 -Wno-override-module build/records.ll build/minyar-runtime.o -lm -o build/records
cp build/compiler-stage1.ll build/compiler-bootstrap.ll
"clang" -O2 -Wno-override-module -flto build/compiler-bootstrap.ll build/minyar-compiler-runtime.ll -lm -o build/compiler-bootstrap
./build/compiler-bootstrap examples/hello.min build/hello-self-hosted.ll
"clang" -O2 -Wno-override-module build/hello-self-hosted.ll build/minyar-runtime.o -lm -o build/hello-self-hosted
./build/minyarc tests/runtime/integer-overflow.min build/integer-overflow.ll
"clang" -O2 -Wno-override-module build/integer-overflow.ll build/minyar-runtime.o -lm -o build/integer-overflow
./build/minyarc tests/runtime/divide-by-zero.min build/divide-by-zero.ll
"clang" -O2 -Wno-override-module build/divide-by-zero.ll build/minyar-runtime.o -lm -o build/divide-by-zero
./build/minyarc tests/runtime/text-and-files.min build/text-and-files.ll
"clang" -O2 -Wno-override-module build/text-and-files.ll build/minyar-runtime.o -lm -o build/text-and-files
./build/minyarc tests/runtime/lists.min build/lists.ll
"clang" -O2 -Wno-override-module build/lists.ll build/minyar-runtime.o -lm -o build/lists
./build/minyarc tests/runtime/newlines.min build/newlines.ll
"clang" -O2 -Wno-override-module build/newlines.ll build/minyar-runtime.o -lm -o build/newlines
./build/minyarc tests/runtime/top-level.min build/top-level.ll
"clang" -O2 -Wno-override-module build/top-level.ll build/minyar-runtime.o -lm -o build/top-level
./build/minyarc tests/runtime/top-level-exit.min build/top-level-exit.ll
"clang" -O2 -Wno-override-module build/top-level-exit.ll build/minyar-runtime.o -lm -o build/top-level-exit
./build/minyarc tests/runtime/list-out-of-bounds.min build/list-out-of-bounds.ll
"clang" -O2 -Wno-override-module build/list-out-of-bounds.ll build/minyar-runtime.o -lm -o build/list-out-of-bounds
./build/minyarc tests/runtime/text-indexing.min build/text-indexing.ll
"clang" -O2 -Wno-override-module build/text-indexing.ll build/minyar-runtime.o -lm -o build/text-indexing
./build/minyarc tests/runtime/text-slice-out-of-bounds.min build/text-slice-out-of-bounds.ll
"clang" -O2 -Wno-override-module build/text-slice-out-of-bounds.ll build/minyar-runtime.o -lm -o build/text-slice-out-of-bounds
cmp build/compiler-stage2.ll build/compiler-stage3.ll
test "$(./build/hello)" = "hello from LLVM-backed Minyar"
test "$(./build/language-tour | tr '\n' ' ')" = "The answer is 42 3 2 1 "
test "$(./build/records | tr '\n' ' ')" = "Minyar Ada is 36 Grace "
test "$(./build/compiler-bootstrap | tr '\n' ' ')" = "Minyar compiler bootstrap is ready true false "
test "$(./build/hello-self-hosted)" = "hello from LLVM-backed Minyar"
! ./build/stage0 tests/errors/type-mismatch.min -o build/invalid.ll 2> build/type-error.txt
grep -q "declared as Text but receives Integer" build/type-error.txt
! ./build/stage0 tests/errors/condition-must-be-boolean.min -o build/invalid.ll 2> build/condition-error.txt
grep -q "if condition needs Boolean" build/condition-error.txt
! ./build/stage0 tests/errors/integer-too-large.min -o build/invalid.ll 2> build/integer-error.txt
grep -q "larger than Minyar currently supports" build/integer-error.txt
! ./build/minyarc tests/errors/integer-too-large.min build/invalid.ll 2> build/integer-self-hosted-error.txt
grep -q "Integer literal is outside the supported range" build/integer-self-hosted-error.txt
! ./build/minyarc tests/errors/record-missing-field.min build/invalid.ll 2> build/record-missing-error.txt
grep -q "record 'Person' is missing field 'age'" build/record-missing-error.txt
! ./build/minyarc tests/errors/record-wrong-field-type.min build/invalid.ll 2> build/record-type-error.txt
grep -q "record field 'age' has the wrong type" build/record-type-error.txt
! ./build/minyarc tests/errors/record-field-assignment.min build/invalid.ll 2> build/record-immutable-error.txt
grep -q "assigning this field could create a reference cycle" build/record-immutable-error.txt
! ./build/integer-overflow > /dev/null 2> build/overflow-error.txt
grep -q "Integer calculation is outside" build/overflow-error.txt
! ./build/divide-by-zero > /dev/null 2> build/division-error.txt
grep -q "Integer cannot be divided by zero" build/division-error.txt
! ./build/list-out-of-bounds > /dev/null 2> build/list-error.txt
grep -q "List position 1 is outside its length of 1" build/list-error.txt
test "$(./build/text-and-files first compiler/compiler.min build/written-text.txt | tr '\n' ' ')" = "6 M 42 3 first true "
test "$(cat build/written-text.txt)" = "Minyar"
test "$(./build/lists | tr '\n' ' ')" = "42 Minyar "
test "$(./build/newlines | tr '\n' ' ')" = "6 42 41 30 continued 6 "
test "$(./build/text-indexing | tr '\n' ' ')" = "3 7 A é 🙂 é🙂 "
! ./build/text-slice-out-of-bounds > /dev/null 2> build/text-slice-error.txt
grep -q "a Text slice must stay within the Text" build/text-slice-error.txt
test "$(./build/top-level | tr '\n' ' ')" = "{ top level 42 "
./build/top-level-exit > build/top-level-exit-output.txt; test $? -eq 7
test "$(cat build/top-level-exit-output.txt)" = "before exit"
! ./build/minyarc tests/errors/statements-on-one-line.min build/invalid.ll 2> build/newline-error.txt
grep -q "start the next statement on a new line" build/newline-error.txt
! ./build/minyarc tests/errors/mixed-entry-points.min build/invalid.ll 2> build/mixed-entry-error.txt
grep -q "cannot combine top-level statements with function main" build/mixed-entry-error.txt
! ./build/minyarc tests/errors/top-level-statement.min build/invalid.ll 2> build/top-level-return-error.txt
grep -q "use exit(status) to finish a top-level program" build/top-level-return-error.txt
! ./build/minyarc tests/errors/malformed-expression.min build/invalid.ll 2> build/expression-error.txt
grep -q "line 2, column 16: expected an expression, found ')'" build/expression-error.txt
! ./build/minyarc tests/errors/top-level-malformed-expression.min build/invalid.ll 2> build/top-level-expression-error.txt
grep -q "line 1, column 12: expected an expression, found ')'" build/top-level-expression-error.txt
! ./build/minyarc tests/errors/duplicate-function.min build/invalid.ll 2> build/duplicate-function-error.txt
grep -q "module declares 'duplicate' more than once" build/duplicate-function-error.txt
! ./build/minyarc tests/errors/duplicate-record.min build/invalid.ll 2> build/duplicate-record-error.txt
grep -q "module declares 'Duplicate' more than once" build/duplicate-record-error.txt
! ./build/minyarc tests/fuzz-regressions/0001-unbalanced-punctuation.min build/invalid.ll 2> build/text-literal-error.txt
grep -q "Text literal is missing its closing quote" build/text-literal-error.txt
! ./build/minyarc tests/fuzz-regressions/0002-unclosed-character.min build/invalid.ll 2> build/character-literal-error.txt
grep -q "Character literal must contain exactly one character" build/character-literal-error.txt
! ./build/minyarc tests/fuzz-regressions/0003-unclosed-block-comment.min build/invalid.ll 2> build/comment-error.txt
grep -q "block comment is missing its closing" build/comment-error.txt
Minyar -> LLVM IR -> native executable verified
zsh /var/folders/kp/v_5qvc9n6vb8gb8htz3yqwzm0000gn/T/minyar-october-normal-limits-pap5g2ng/with-limits.sh python3 tests/scalar-lookahead-budget.py
.....
----------------------------------------------------------------------
Ran 5 tests in 4.504s

OK
zsh /var/folders/kp/v_5qvc9n6vb8gb8htz3yqwzm0000gn/T/minyar-october-normal-limits-pap5g2ng/with-limits.sh python3 tests/scalar-record-storage.py
..........
----------------------------------------------------------------------
Ran 10 tests in 7.108s

OK
zsh /var/folders/kp/v_5qvc9n6vb8gb8htz3yqwzm0000gn/T/minyar-october-normal-limits-pap5g2ng/with-limits.sh python3 tests/production-scalar-storage.py
test_branch_and_loop_scalar_values_dominate_all_uses (__main__.ProductionScalarStorage.test_branch_and_loop_scalar_values_dominate_all_uses) ... ok
test_generation_reuse_does_not_replace_managed_parameters (__main__.ProductionScalarStorage.test_generation_reuse_does_not_replace_managed_parameters) ... ok
test_nested_container_and_parenthesized_escapes_remain_managed (__main__.ProductionScalarStorage.test_nested_container_and_parenthesized_escapes_remain_managed) ... ok
test_nested_control_flow_does_not_end_escape_proof (__main__.ProductionScalarStorage.test_nested_control_flow_does_not_end_escape_proof) ... ok
test_shadow_initializers_and_field_names_resolve_independently (__main__.ProductionScalarStorage.test_shadow_initializers_and_field_names_resolve_independently) ... ok
test_short_circuit_fields_keep_effect_order_and_scalar_snapshots (__main__.ProductionScalarStorage.test_short_circuit_fields_keep_effect_order_and_scalar_snapshots) ... ok

----------------------------------------------------------------------
Ran 6 tests in 3.935s

OK
ASAN_OPTIONS=detect_leaks=0 MINYAR_TEST_COMPILER=./build/minyarc-sanitize MINYAR_TEST_RUNTIME=./build/ownership-runtime.o MINYAR_TEST_LINK_FLAGS=-fsanitize=address,undefined zsh /var/folders/kp/v_5qvc9n6vb8gb8htz3yqwzm0000gn/T/minyar-october-normal-limits-pap5g2ng/with-limits.sh python3 tests/scalar-record-storage.py
..........
----------------------------------------------------------------------
Ran 10 tests in 10.662s

OK
ASAN_OPTIONS=detect_leaks=0 MINYAR_TEST_COMPILER=./build/minyarc-sanitize MINYAR_TEST_RUNTIME=./build/ownership-runtime.o MINYAR_TEST_LINK_FLAGS=-fsanitize=address,undefined zsh /var/folders/kp/v_5qvc9n6vb8gb8htz3yqwzm0000gn/T/minyar-october-normal-limits-pap5g2ng/with-limits.sh python3 tests/production-scalar-storage.py
test_branch_and_loop_scalar_values_dominate_all_uses (__main__.ProductionScalarStorage.test_branch_and_loop_scalar_values_dominate_all_uses) ... ok
test_generation_reuse_does_not_replace_managed_parameters (__main__.ProductionScalarStorage.test_generation_reuse_does_not_replace_managed_parameters) ... ok
test_nested_container_and_parenthesized_escapes_remain_managed (__main__.ProductionScalarStorage.test_nested_container_and_parenthesized_escapes_remain_managed) ... ok
test_nested_control_flow_does_not_end_escape_proof (__main__.ProductionScalarStorage.test_nested_control_flow_does_not_end_escape_proof) ... ok
test_shadow_initializers_and_field_names_resolve_independently (__main__.ProductionScalarStorage.test_shadow_initializers_and_field_names_resolve_independently) ... ok
test_short_circuit_fields_keep_effect_order_and_scalar_snapshots (__main__.ProductionScalarStorage.test_short_circuit_fields_keep_effect_order_and_scalar_snapshots) ... ok

----------------------------------------------------------------------
Ran 6 tests in 5.337s

OK
zsh /var/folders/kp/v_5qvc9n6vb8gb8htz3yqwzm0000gn/T/minyar-october-normal-limits-pap5g2ng/with-limits.sh python3 tests/scalar-record-mutation.py
capture: intended fault detected at O0 and O2
escape: intended fault detected at O0 and O2
Both scalar-record compiler mutants detected
zsh /var/folders/kp/v_5qvc9n6vb8gb8htz3yqwzm0000gn/T/minyar-october-normal-limits-pap5g2ng/with-limits.sh python3 tests/compiler-slice-cache.py
control: O0/O2 native and sanitizer checks pass
collision-mutant: O0/O2 native and sanitizer checks pass
Compiler slice cache semantics and collision mutant verified
zsh /var/folders/kp/v_5qvc9n6vb8gb8htz3yqwzm0000gn/T/minyar-october-normal-limits-pap5g2ng/with-limits.sh python3 tests/readonly-parameters.py
...........
----------------------------------------------------------------------
Ran 11 tests in 7.136s

OK
ASAN_OPTIONS=detect_leaks=0 MINYAR_TEST_COMPILER=./build/minyarc-sanitize MINYAR_TEST_RUNTIME=./build/ownership-runtime.o MINYAR_TEST_LINK_FLAGS=-fsanitize=address,undefined zsh /var/folders/kp/v_5qvc9n6vb8gb8htz3yqwzm0000gn/T/minyar-october-normal-limits-pap5g2ng/with-limits.sh python3 tests/readonly-parameters.py
...........
----------------------------------------------------------------------
Ran 11 tests in 9.201s

OK
zsh /var/folders/kp/v_5qvc9n6vb8gb8htz3yqwzm0000gn/T/minyar-october-normal-limits-pap5g2ng/with-limits.sh python3 tests/production-readonly-parameters.py
test_exactly_sixty_four_parameters_keep_their_distinct_values (__main__.ProductionReadonlyParameters.test_exactly_sixty_four_parameters_keep_their_distinct_values) ... ok
test_indexed_target_survives_mutation_of_its_last_external_owner (__main__.ProductionReadonlyParameters.test_indexed_target_survives_mutation_of_its_last_external_owner) ... ok
test_same_type_arguments_keep_distinct_header_operand_identities (__main__.ProductionReadonlyParameters.test_same_type_arguments_keep_distinct_header_operand_identities) ... ok

----------------------------------------------------------------------
Ran 3 tests in 1.900s

OK
ASAN_OPTIONS=detect_leaks=0 MINYAR_TEST_COMPILER=./build/minyarc-sanitize MINYAR_TEST_RUNTIME=./build/ownership-runtime.o MINYAR_TEST_LINK_FLAGS=-fsanitize=address,undefined zsh /var/folders/kp/v_5qvc9n6vb8gb8htz3yqwzm0000gn/T/minyar-october-normal-limits-pap5g2ng/with-limits.sh python3 tests/production-readonly-parameters.py
test_exactly_sixty_four_parameters_keep_their_distinct_values (__main__.ProductionReadonlyParameters.test_exactly_sixty_four_parameters_keep_their_distinct_values) ... ok
test_indexed_target_survives_mutation_of_its_last_external_owner (__main__.ProductionReadonlyParameters.test_indexed_target_survives_mutation_of_its_last_external_owner) ... ok
test_same_type_arguments_keep_distinct_header_operand_identities (__main__.ProductionReadonlyParameters.test_same_type_arguments_keep_distinct_header_operand_identities) ... ok

----------------------------------------------------------------------
Ran 3 tests in 2.402s

OK
zsh /var/folders/kp/v_5qvc9n6vb8gb8htz3yqwzm0000gn/T/minyar-october-normal-limits-pap5g2ng/with-limits.sh python3 tests/scalar-record-initialization.py --compiler build/minyarc --runtime build/minyar-runtime.o --clang "clang"
scalar: scalar/mixed selection and execution passed
mixed: scalar/mixed selection and execution passed
nested: scalar/mixed selection and execution passed
effects: scalar/mixed selection and execution passed
ASAN_OPTIONS=detect_leaks=0 zsh /var/folders/kp/v_5qvc9n6vb8gb8htz3yqwzm0000gn/T/minyar-october-normal-limits-pap5g2ng/with-limits.sh python3 tests/scalar-record-initialization.py --compiler build/minyarc-sanitize --runtime build/ownership-runtime.o --clang "clang" --sanitize
scalar: scalar/mixed selection and execution passed
mixed: scalar/mixed selection and execution passed
nested: scalar/mixed selection and execution passed
effects: scalar/mixed selection and execution passed
zsh /var/folders/kp/v_5qvc9n6vb8gb8htz3yqwzm0000gn/T/minyar-october-normal-limits-pap5g2ng/with-limits.sh python3 tests/text-view-budget.py --clang "clang"
system K1 native: passed
system K1 ASan/UBSan: passed
system K2 native: passed
system K2 ASan/UBSan: passed
system K32 native: passed
system K32 ASan/UBSan: passed
system K1024 native: passed
system K1024 ASan/UBSan: passed
fixed K1 native: passed
fixed K1 ASan/UBSan: passed
fixed K2 native: passed
fixed K2 ASan/UBSan: passed
fixed K32 native: passed
fixed K32 ASan/UBSan: passed
fixed K1024 native: passed
fixed K1024 ASan/UBSan: passed
lazy K1 native: passed
lazy K1 ASan/UBSan: passed
lazy K2 native: passed
lazy K2 ASan/UBSan: passed
lazy K32 native: passed
lazy K32 ASan/UBSan: passed
lazy K1024 native: passed
lazy K1024 ASan/UBSan: passed
zsh /var/folders/kp/v_5qvc9n6vb8gb8htz3yqwzm0000gn/T/minyar-october-normal-limits-pap5g2ng/with-limits.sh ./build/minyarc-modules build/module-compiler.min build/module-compiler-stage3.ll
zsh /var/folders/kp/v_5qvc9n6vb8gb8htz3yqwzm0000gn/T/minyar-october-normal-limits-pap5g2ng/with-limits.sh python3 tests/incremental-language-hardening.py
.....
----------------------------------------------------------------------
Ran 5 tests in 15.053s

OK
python3 tests/module-driver-options.py
....
----------------------------------------------------------------------
Ran 4 tests in 0.895s

OK
cmp build/module-compiler-stage2.ll build/module-compiler-stage3.ll
zsh /var/folders/kp/v_5qvc9n6vb8gb8htz3yqwzm0000gn/T/minyar-october-normal-limits-pap5g2ng/with-limits.sh python3 tests/incremental-modules.py
module interfaces: native equivalence, actual body bypass, stable identities, typed private closures, invalidation and source diagnostics verified
zsh /var/folders/kp/v_5qvc9n6vb8gb8htz3yqwzm0000gn/T/minyar-october-normal-limits-pap5g2ng/with-limits.sh python3 tests/incremental-module-driver.py
native module driver: identity, same-time source edits, corruption, failure atomicity, overlapping builds and Unicode paths verified
zsh /var/folders/kp/v_5qvc9n6vb8gb8htz3yqwzm0000gn/T/minyar-october-normal-limits-pap5g2ng/with-limits.sh python3 tests/incremental-module-delta.py
module deltas: cumulative/reverted edits, graph changes, corruption and mismatched generations match cold native builds
zsh /var/folders/kp/v_5qvc9n6vb8gb8htz3yqwzm0000gn/T/minyar-october-normal-limits-pap5g2ng/with-limits.sh python3 tests/incremental-module-artifacts.py
module artifacts: independent LLVM object compilation, native linking and LTO preserve fixture behavior
zsh /var/folders/kp/v_5qvc9n6vb8gb8htz3yqwzm0000gn/T/minyar-october-normal-limits-pap5g2ng/with-limits.sh python3 tests/incremental-launcher.py
......
----------------------------------------------------------------------
Ran 6 tests in 8.212s

OK
zsh /var/folders/kp/v_5qvc9n6vb8gb8htz3yqwzm0000gn/T/minyar-october-normal-limits-pap5g2ng/with-limits.sh python3 tests/incremental-module-regressions.py
test_builtin_arity (__main__.Regressions.test_builtin_arity) ... ok
test_builtin_types (__main__.Regressions.test_builtin_types) ... ok
test_closed_standard_output_is_reported (__main__.Regressions.test_closed_standard_output_is_reported) ... ok
test_field_and_method_selectors_keep_their_receiver_namespace (__main__.Regressions.test_field_and_method_selectors_keep_their_receiver_namespace) ... ok
test_file_io_failures_stop_cleanly (__main__.Regressions.test_file_io_failures_stop_cleanly) ... ok
test_file_read_preserves_first_byte_and_empty_files (__main__.Regressions.test_file_read_preserves_first_byte_and_empty_files) ... ok
test_integer_boundaries (__main__.Regressions.test_integer_boundaries) ... ok
test_invalid_arithmetic_and_ordering (__main__.Regressions.test_invalid_arithmetic_and_ordering) ... ok
test_invalid_utf8_files (__main__.Regressions.test_invalid_utf8_files) ... ok
test_main_signature (__main__.Regressions.test_main_signature) ... ok
test_methods_reject_the_wrong_receiver_kind (__main__.Regressions.test_methods_reject_the_wrong_receiver_kind) ... ok
test_missing_return (__main__.Regressions.test_missing_return) ... ok
test_non_ascii_identifier_has_actionable_diagnostic (__main__.Regressions.test_non_ascii_identifier_has_actionable_diagnostic) ... ok
test_nonvalues_and_index_types (__main__.Regressions.test_nonvalues_and_index_types) ... ok
test_nothing_is_only_a_return_type (__main__.Regressions.test_nothing_is_only_a_return_type) ... ok
test_return_paths (__main__.Regressions.test_return_paths) ... ok
test_unicode_character_output (__main__.Regressions.test_unicode_character_output) ... ok
test_unicode_files_and_arguments (__main__.Regressions.test_unicode_files_and_arguments) ... ok
test_unicode_index_does_not_depend_on_length (__main__.Regressions.test_unicode_index_does_not_depend_on_length) ... ok
test_unicode_properties (__main__.Regressions.test_unicode_properties) ... ok
test_unreachable_code_preserves_return (__main__.Regressions.test_unreachable_code_preserves_return) ... ok
test_utf8_byte_order_mark_is_accepted (__main__.Regressions.test_utf8_byte_order_mark_is_accepted) ... ok
test_valid_operators (__main__.Regressions.test_valid_operators) ... ok

----------------------------------------------------------------------
Ran 23 tests in 14.574s

OK
test_alias_and_self_assignment (__main__.Ownership.test_alias_and_self_assignment) ... ok
test_borrow_survives_mutating_argument (__main__.Ownership.test_borrow_survives_mutating_argument) ... ok
test_generated_alias_programs (__main__.Ownership.test_generated_alias_programs) ... ok
test_graph_example (__main__.Ownership.test_graph_example) ... ok
test_native_output_uses_ownership_not_tracing (__main__.Ownership.test_native_output_uses_ownership_not_tracing) ... ok
test_nested_shared_lists_and_records (__main__.Ownership.test_nested_shared_lists_and_records) ... ok
test_recursive_mutation_checker_against_independent_model (__main__.Ownership.test_recursive_mutation_checker_against_independent_model) ... ok
test_recursive_shapes_without_mutations_are_supported (__main__.Ownership.test_recursive_shapes_without_mutations_are_supported) ... ok
test_returns_reassignments_and_identity_conversion (__main__.Ownership.test_returns_reassignments_and_identity_conversion) ... ok
test_scalar_field_read_needs_no_extra_owner (__main__.Ownership.test_scalar_field_read_needs_no_extra_owner) ... ok
test_unfinished_field_read_has_a_language_diagnostic (__main__.Ownership.test_unfinished_field_read_has_a_language_diagnostic) ... ok

----------------------------------------------------------------------
Ran 11 tests in 16.324s

OK
................
----------------------------------------------------------------------
Ran 16 tests in 8.969s

OK
zsh /var/folders/kp/v_5qvc9n6vb8gb8htz3yqwzm0000gn/T/minyar-october-normal-limits-pap5g2ng/with-limits.sh python3 tests/incremental-module-performance.py --enforce
chain 100 unchanged {"production": {"cpu_ms": 15.497999999999998, "wall_ms": 18.144374946132302}, "driver": {"cpu_ms": 11.655999999999986, "wall_ms": 16.71508396975696}}
chain 100 entry-edit {"production": {"cpu_ms": 15.41099999999998, "wall_ms": 18.131457967683673}, "driver": {"cpu_ms": 12.309000000000015, "wall_ms": 14.041125075891614}}
chain 100 dependency-edit {"production": {"cpu_ms": 15.668000000000015, "wall_ms": 16.84520801063627}, "driver": {"cpu_ms": 12.162000000000006, "wall_ms": 17.64954102691263}}
chain 100 interface-edit {"production": {"cpu_ms": 15.503999999999962, "wall_ms": 17.60991697665304}, "driver": {"cpu_ms": 15.63200000000009, "wall_ms": 20.219207974150777}}
chain 100 cold {"production": {"cpu_ms": 16.03299999999991, "wall_ms": 19.342917017638683}, "driver": {"cpu_ms": 28.229000000000003, "wall_ms": 34.054166986607015}}
chain 400 unchanged {"production": {"cpu_ms": 61.61899999999998, "wall_ms": 68.04795807693154}, "driver": {"cpu_ms": 25.440999999999935, "wall_ms": 29.165083076804876}}
chain 400 entry-edit {"production": {"cpu_ms": 66.8000000000002, "wall_ms": 68.88791709206998}, "driver": {"cpu_ms": 26.548000000000126, "wall_ms": 30.506666051223874}}
chain 400 dependency-edit {"production": {"cpu_ms": 60.087, "wall_ms": 62.61333299335092}, "driver": {"cpu_ms": 26.412999999999798, "wall_ms": 30.24858294520527}}
chain 400 interface-edit {"production": {"cpu_ms": 60.78299999999981, "wall_ms": 66.09379104338586}, "driver": {"cpu_ms": 43.066000000000045, "wall_ms": 46.89891601447016}}
chain 400 cold {"production": {"cpu_ms": 62.695000000000164, "wall_ms": 66.23650004621595}, "driver": {"cpu_ms": 104.86800000000062, "wall_ms": 123.63595806527883}}
wide 100 unchanged {"production": {"cpu_ms": 15.921000000000518, "wall_ms": 17.43266696576029}, "driver": {"cpu_ms": 12.058999999999376, "wall_ms": 15.546874958090484}}
wide 100 entry-edit {"production": {"cpu_ms": 15.97599999999999, "wall_ms": 17.691625049337745}, "driver": {"cpu_ms": 12.309999999999599, "wall_ms": 15.722624957561493}}
wide 100 dependency-edit {"production": {"cpu_ms": 16.203999999999887, "wall_ms": 18.661333015188575}, "driver": {"cpu_ms": 13.074999999999726, "wall_ms": 15.938624972477555}}
wide 100 interface-edit {"production": {"cpu_ms": 15.312000000000214, "wall_ms": 18.407042021863163}, "driver": {"cpu_ms": 15.689000000000508, "wall_ms": 19.59254196844995}}
wide 100 cold {"production": {"cpu_ms": 15.381000000000089, "wall_ms": 17.904000007547438}, "driver": {"cpu_ms": 29.350999999999683, "wall_ms": 33.569541992619634}}
wide 400 unchanged {"production": {"cpu_ms": 62.285999999999845, "wall_ms": 67.14808300603181}, "driver": {"cpu_ms": 24.93100000000048, "wall_ms": 27.501833043061197}}
wide 400 entry-edit {"production": {"cpu_ms": 62.04799999999988, "wall_ms": 64.14433300960809}, "driver": {"cpu_ms": 28.995999999999356, "wall_ms": 33.312292071059346}}
wide 400 dependency-edit {"production": {"cpu_ms": 62.45099999999893, "wall_ms": 64.24316600896418}, "driver": {"cpu_ms": 27.324999999999378, "wall_ms": 31.009332975372672}}
wide 400 interface-edit {"production": {"cpu_ms": 61.951000000000974, "wall_ms": 66.99608301278204}, "driver": {"cpu_ms": 46.632999999999925, "wall_ms": 52.576999994926155}}
wide 400 cold {"production": {"cpu_ms": 62.77699999999964, "wall_ms": 65.99449994973838}, "driver": {"cpu_ms": 108.7830000000003, "wall_ms": 117.51945898868144}}
shared 100 unchanged {"production": {"cpu_ms": 16.060000000000407, "wall_ms": 17.803333001211286}, "driver": {"cpu_ms": 11.658999999999864, "wall_ms": 14.395750011317432}}
shared 100 entry-edit {"production": {"cpu_ms": 15.954000000000246, "wall_ms": 19.44512501358986}, "driver": {"cpu_ms": 12.38100000000042, "wall_ms": 16.2105830386281}}
shared 100 dependency-edit {"production": {"cpu_ms": 16.353999999999314, "wall_ms": 18.326125107705593}, "driver": {"cpu_ms": 12.930999999999138, "wall_ms": 17.043542000465095}}
shared 100 interface-edit {"production": {"cpu_ms": 17.018999999999007, "wall_ms": 18.950792029500008}, "driver": {"cpu_ms": 16.372000000000497, "wall_ms": 18.577125039882958}}
shared 100 cold {"production": {"cpu_ms": 16.22299999999921, "wall_ms": 18.2390830013901}, "driver": {"cpu_ms": 29.68999999999955, "wall_ms": 33.252291032113135}}
shared 400 unchanged {"production": {"cpu_ms": 65.7589999999999, "wall_ms": 67.75241706054658}, "driver": {"cpu_ms": 30.098000000000624, "wall_ms": 35.03391693811864}}
shared 400 entry-edit {"production": {"cpu_ms": 66.09800000000199, "wall_ms": 68.82091704756021}, "driver": {"cpu_ms": 29.809999999999448, "wall_ms": 33.4540419280529}}
shared 400 dependency-edit {"production": {"cpu_ms": 64.03200000000098, "wall_ms": 67.8769169608131}, "driver": {"cpu_ms": 30.280000000000307, "wall_ms": 35.11183406226337}}
shared 400 interface-edit {"production": {"cpu_ms": 65.22900000000043, "wall_ms": 71.73195900395513}, "driver": {"cpu_ms": 48.84599999999928, "wall_ms": 52.38570901565254}}
shared 400 cold {"production": {"cpu_ms": 63.74200000000041, "wall_ms": 66.48004206363112}, "driver": {"cpu_ms": 107.08199999999835, "wall_ms": 112.34829109162092}}
zsh /var/folders/kp/v_5qvc9n6vb8gb8htz3yqwzm0000gn/T/minyar-october-normal-limits-pap5g2ng/with-limits.sh python3 tests/checked-arithmetic.py
......
----------------------------------------------------------------------
Ran 6 tests in 8.180s

OK
zsh /var/folders/kp/v_5qvc9n6vb8gb8htz3yqwzm0000gn/T/minyar-october-normal-limits-pap5g2ng/with-limits.sh python3 tests/checked-scalars.py
........
----------------------------------------------------------------------
Ran 8 tests in 17.999s

OK
python3 tests/toolchain-stamp.py
.
----------------------------------------------------------------------
Ran 1 test in 3.063s

OK
python3 tests/toolchain-portability.py
.......................
----------------------------------------------------------------------
Ran 23 tests in 15.871s

OK
MINYAR_TEST_CLANG="clang" python3 tests/toolchain-bootstrap.py
Traceback (most recent call last):
  File "/Users/luke/Projects/Minyar-Lang/tests/toolchain-bootstrap.py", line 50, in <module>
    result = subprocess.run(command, env=environment, capture_output=True, text=True, timeout=240)
  File "/opt/homebrew/Cellar/python@3.14/3.14.7/Frameworks/Python.framework/Versions/3.14/lib/python3.14/subprocess.py", line 557, in run
    stdout, stderr = process.communicate(input, timeout=timeout)
                     ~~~~~~~~~~~~~~~~~~~^^^^^^^^^^^^^^^^^^^^^^^^
  File "/opt/homebrew/Cellar/python@3.14/3.14.7/Frameworks/Python.framework/Versions/3.14/lib/python3.14/subprocess.py", line 1221, in communicate
    stdout, stderr = self._communicate(input, endtime, timeout)
                     ~~~~~~~~~~~~~~~~~^^^^^^^^^^^^^^^^^^^^^^^^^
  File "/opt/homebrew/Cellar/python@3.14/3.14.7/Frameworks/Python.framework/Versions/3.14/lib/python3.14/subprocess.py", line 2154, in _communicate
    self._check_timeout(endtime, orig_timeout, stdout, stderr)
    ~~~~~~~~~~~~~~~~~~~^^^^^^^^^^^^^^^^^^^^^^^^^^^^^^^^^^^^^^^
  File "/opt/homebrew/Cellar/python@3.14/3.14.7/Frameworks/Python.framework/Versions/3.14/lib/python3.14/subprocess.py", line 1268, in _check_timeout
    raise TimeoutExpired(
    ...<2 lines>...
            stderr=b''.join(stderr_seq) if stderr_seq else None)
subprocess.TimeoutExpired: Command '['/var/folders/kp/v_5qvc9n6vb8gb8htz3yqwzm0000gn/T/minyar cold toolchain yowioycs/project with spaces/minyar', '--incremental', '--release', '/var/folders/kp/v_5qvc9n6vb8gb8htz3yqwzm0000gn/T/minyar cold toolchain yowioycs/project with spaces/main.min', '-o', '/var/folders/kp/v_5qvc9n6vb8gb8htz3yqwzm0000gn/T/minyar cold toolchain yowioycs/project with spaces/answer program']' timed out after 240 seconds
make: *** [check-cold-bootstrap] Error 1
zsh /var/folders/kp/v_5qvc9n6vb8gb8htz3yqwzm0000gn/T/minyar-october-normal-limits-pap5g2ng/with-limits.sh python3 tests/runtime-bytes.py --clang "clang"
Bytes model and work bounds passed
eager: 20,000 model transitions and work bounds passed
Bytes model and work bounds passed
arena: 20,000 model transitions and work bounds passed
Bytes model and work bounds passed
system: 20,000 model transitions and work bounds passed
Bytes model and work bounds passed
fixed: 20,000 model transitions and work bounds passed
Bytes model and work bounds passed
lazy: 20,000 model transitions and work bounds passed
zsh /var/folders/kp/v_5qvc9n6vb8gb8htz3yqwzm0000gn/T/minyar-october-normal-limits-pap5g2ng/with-limits.sh python3 tests/runtime-traps.py --clang "clang"
eager: valid arithmetic and 11 exact failure paths passed
arena: valid arithmetic and 11 exact failure paths passed
system: valid arithmetic and 11 exact failure paths passed
fixed: valid arithmetic and 11 exact failure paths passed
lazy: valid arithmetic and 11 exact failure paths passed
zsh /var/folders/kp/v_5qvc9n6vb8gb8htz3yqwzm0000gn/T/minyar-october-normal-limits-pap5g2ng/with-limits.sh python3 tests/compiler-hardening.py
..............................
----------------------------------------------------------------------
Ran 30 tests in 16.454s

OK
zsh /var/folders/kp/v_5qvc9n6vb8gb8htz3yqwzm0000gn/T/minyar-october-normal-limits-pap5g2ng/with-limits.sh python3 tests/list-access.py
......
----------------------------------------------------------------------
Ran 6 tests in 16.299s

OK
zsh /var/folders/kp/v_5qvc9n6vb8gb8htz3yqwzm0000gn/T/minyar-october-normal-limits-pap5g2ng/with-limits.sh python3 tests/runtime-numeric.py --mode native
numeric evidence: /Users/luke/Projects/Minyar-Lang/build/numeric/campaign-r1oipj4v
[
  {
    "mode": "native",
    "roundtrip_values": 37628,
    "golden_values": 24,
    "budget": {
      "formatted": 2001,
      "snprintf_calls": 2001,
      "strtod_calls": 0
    },
    "language_aliases": [
      "O0",
      "O2"
    ]
  }
]
python3 tests/bootstrap-portability.py
..
----------------------------------------------------------------------
Ran 2 tests in 1.046s

OK
MINYAR_TEST_CLANG="clang" python3 tests/bootstrap-records.py
bootstrap records: typed construction, reordered fields, field access and invalid declarations verified
python3 tests/measurement-stats.py
............
----------------------------------------------------------------------
Ran 12 tests in 0.009s

OK
zsh /var/folders/kp/v_5qvc9n6vb8gb8htz3yqwzm0000gn/T/minyar-october-normal-limits-pap5g2ng/with-limits.sh python3 tests/source-map.py
......
----------------------------------------------------------------------
Ran 6 tests in 5.570s

OK
python3 tests/scalar-study-harness.py
GREEN: compile failure report and command log retained
GREEN: failure preserves both warmups, completed unmatched pair row, failing command, exact log
GREEN: timeout preserves partial subprocess output and durable error report
GREEN: mock happy paths preserve all 576 oracle entries and 20 complete paired summaries
GREEN: omitted C linkage aliases rejected before LTO link or measurement
zsh /var/folders/kp/v_5qvc9n6vb8gb8htz3yqwzm0000gn/T/minyar-october-normal-limits-pap5g2ng/with-limits.sh python3 experiments/memory/checked-scalars-study.py
/var/folders/kp/v_5qvc9n6vb8gb8htz3yqwzm0000gn/T/minyar-checked-scalars-32h7ul05
system-o2: 96 oracle/allocation checks passed
eager-o0: 96 oracle/allocation checks passed
eager-o2: 96 oracle/allocation checks passed
bounded-o2: 96 oracle/allocation checks passed
eager-sanitize: 96 oracle/allocation checks passed
bounded-sanitize: 96 oracle/allocation checks passed
/var/folders/kp/v_5qvc9n6vb8gb8htz3yqwzm0000gn/T/minyar-checked-scalars-32h7ul05/results.json
MINYAR_TEST_CLANG="clang" python3 tests/stack-limits.py
stack limits: 24 exact boundaries across native/fallback and O0/O2 passed
zsh /var/folders/kp/v_5qvc9n6vb8gb8htz3yqwzm0000gn/T/minyar-october-normal-limits-pap5g2ng/with-limits.sh python3 tests/linkage.py
......
----------------------------------------------------------------------
Ran 6 tests in 9.692s

OK
zsh /var/folders/kp/v_5qvc9n6vb8gb8htz3yqwzm0000gn/T/minyar-october-normal-limits-pap5g2ng/with-limits.sh python3 tests/symbol-order.py
.
----------------------------------------------------------------------
Ran 1 test in 1.489s

OK
make: Target `check' not remade because of errors.

Exitstatus: 2
