python3 tests/coverage-harness.py
test_coverage_compiler_runtime_uses_selected_clang_and_arena_source (__main__.CoverageHarness.test_coverage_compiler_runtime_uses_selected_clang_and_arena_source) ... ok
test_edge_profiles_merge_branches_and_reject_inconsistent_denominators (__main__.CoverageHarness.test_edge_profiles_merge_branches_and_reject_inconsistent_denominators) ... ok
test_empty_denominator_cannot_report_full_coverage (__main__.CoverageHarness.test_empty_denominator_cannot_report_full_coverage) ... ok
test_empty_runtime_mapping_cannot_report_full_coverage (__main__.CoverageHarness.test_empty_runtime_mapping_cannot_report_full_coverage) ... ok
test_invalid_threshold_cannot_disable_gate (__main__.CoverageHarness.test_invalid_threshold_cannot_disable_gate) ... ok
test_missing_or_invalid_target_metadata_cannot_choose_an_implicit_target (__main__.CoverageHarness.test_missing_or_invalid_target_metadata_cannot_choose_an_implicit_target) ... ok
test_pre_inlining_instrumentation_uses_the_selected_backend_target (__main__.CoverageHarness.test_pre_inlining_instrumentation_uses_the_selected_backend_target) ... ok
test_runtime_aggregation_includes_headers_and_excludes_tests (__main__.CoverageHarness.test_runtime_aggregation_includes_headers_and_excludes_tests) ... ok
test_tool_versions_are_recorded_and_mismatches_fail_before_instrumentation (__main__.CoverageHarness.test_tool_versions_are_recorded_and_mismatches_fail_before_instrumentation) ... ok

----------------------------------------------------------------------
Ran 9 tests in 0.006s

OK
MINYAR_TEST_CLANG="${MINYAR_TEST_CLANG:-clang}" python3 tests/coverage-inlining.py
test_shared_branch_identity_survives_inlining (__main__.CoverageInlining.test_shared_branch_identity_survives_inlining) ... ok

----------------------------------------------------------------------
Ran 1 test in 2.480s

OK
MINYAR_MIN_COMPILER_EDGE_COVERAGE=79 \
	MINYAR_MIN_RUNTIME_LINE_COVERAGE=72 \
	MINYAR_MIN_RUNTIME_BRANCH_COVERAGE=55 \
	python3 scripts/coverage.py
{
  "run_directory": "/Users/luke/Projects/Minyar-Lang/build/coverage/run-8ggqot60",
  "profiles": 773,
  "tools": {
    "clang": {
      "path": "/opt/homebrew/opt/llvm/bin/clang",
      "version": "Homebrew clang version 22.1.5\nTarget: arm64-apple-darwin25.0.0\nThread model: posix\nInstalledDir: /opt/homebrew/Cellar/llvm/22.1.5/bin\nConfiguration file: /opt/homebrew/Cellar/llvm/22.1.5/etc/clang/arm64-apple-darwin25.cfg",
      "major": 22
    },
    "opt": {
      "path": "/opt/homebrew/opt/llvm/bin/opt",
      "version": "Homebrew LLVM version 22.1.5\n  Optimized build.\n  Default target: arm64-apple-darwin25.0.0\n  Host CPU: apple-m1",
      "major": 22
    },
    "llvm_cov": {
      "path": "/opt/homebrew/opt/llvm/bin/llvm-cov",
      "version": "Homebrew LLVM version 22.1.5\n  Optimized build.",
      "major": 22
    },
    "profdata": {
      "path": "/opt/homebrew/opt/llvm/bin/llvm-profdata",
      "version": "Homebrew LLVM version 22.1.5\n  Optimized build.",
      "major": 22
    }
  },
  "compiler_runtime": {
    "configuration": "MINYAR_COMPILER_ARENA=1; isolated selected-Clang C build at O2",
    "object_sha256": "e280b713b4df81be33088dea2265d3ed2475512ef7d83ee94e6a620d58a4c000"
  },
  "target_triple": "arm64-apple-darwin25.0.0",
  "compiler_suites": [
    "diagnostics",
    "conformance",
    "regressions",
    "compiler-hardening",
    "list-access",
    "checked-arithmetic",
    "checked-scalars",
    "readonly-parameters",
    "peer-research-semantics",
    "peer-research-reachability",
    "peer-memory-nim-koka-lean",
    "peer-memory-nim-koka-followups"
  ],
  "compiler": {
    "measurement": "SanitizerCoverage distinct LLVM control-flow edges, IDs assigned before inlining; no function or guard exclusions",
    "source_sha256": "994d457a3728806942541df5f567e332a6594ea508c3bc61cc2d4ac5c485eadc",
    "ir_sha256": "ebd5fd4cb5e4dd099258fa60a72b527bcc72b422fe64e441098360d1f5b36750",
    "edges": {
      "count": 2245,
      "covered": 1937,
      "percent": 86.28
    },
    "after_inlining_edges": {
      "count": 4369,
      "covered": 2638,
      "percent": 60.38
    },
    "instrumented_outputs_match_fixed_point": true
  },
  "runtime": {
    "branches": {
      "count": 710,
      "covered": 474,
      "notcovered": 236,
      "percent": 66.76
    },
    "functions": {
      "count": 149,
      "covered": 120,
      "percent": 80.54
    },
    "instantiations": {
      "count": 275,
      "covered": 139,
      "percent": 50.55
    },
    "lines": {
      "count": 1403,
      "covered": 1118,
      "percent": 79.69
    },
    "mcdc": {
      "count": 0,
      "covered": 0,
      "notcovered": 0,
      "percent": null
    },
    "regions": {
      "count": 1395,
      "covered": 1034,
      "notcovered": 361,
      "percent": 74.12
    }
  },
  "runtime_files": [
    {
      "filename": "/Users/luke/Projects/Minyar-Lang/runtime/minyar_bytes.h",
      "summary": {
        "branches": {
          "count": 70,
          "covered": 31,
          "notcovered": 39,
          "percent": 44.285714285714285
        },
        "functions": {
          "count": 35,
          "covered": 27,
          "percent": 77.14285714285715
        },
        "instantiations": {
          "count": 68,
          "covered": 36,
          "percent": 52.94117647058824
        },
        "lines": {
          "count": 236,
          "covered": 155,
          "percent": 65.67796610169492
        },
        "mcdc": {
          "count": 0,
          "covered": 0,
          "notcovered": 0,
          "percent": 0
        },
        "regions": {
          "count": 184,
          "covered": 109,
          "notcovered": 75,
          "percent": 59.2391304347826
        }
      },
      "source_sha256": "58985d5534d76e628a0d43132cabca53aa0b473aa126dfd05012082e827e07a9"
    },
    {
      "filename": "/Users/luke/Projects/Minyar-Lang/runtime/minyar_collections.h",
      "summary": {
        "branches": {
          "count": 61,
          "covered": 44,
          "notcovered": 17,
          "percent": 72.1311475409836
        },
        "functions": {
          "count": 24,
          "covered": 23,
          "percent": 95.83333333333334
        },
        "instantiations": {
          "count": 38,
          "covered": 23,
          "percent": 60.526315789473685
        },
        "lines": {
          "count": 166,
          "covered": 145,
          "percent": 87.34939759036145
        },
        "mcdc": {
          "count": 0,
          "covered": 0,
          "notcovered": 0,
          "percent": 0
        },
        "regions": {
          "count": 124,
          "covered": 102,
          "notcovered": 22,
          "percent": 82.25806451612904
        }
      },
      "source_sha256": "01ae1e88dbcd98a9f8815a7a8e0508247a19f7f0b912d938544db129191eb4c0"
    },
    {
      "filename": "/Users/luke/Projects/Minyar-Lang/runtime/minyar_numbers.h",
      "summary": {
        "branches": {
          "count": 191,
          "covered": 153,
          "notcovered": 38,
          "percent": 80.10471204188482
        },
        "functions": {
          "count": 20,
          "covered": 13,
          "percent": 65
        },
        "instantiations": {
          "count": 26,
          "covered": 13,
          "percent": 50
        },
        "lines": {
          "count": 200,
          "covered": 170,
          "percent": 85
        },
        "mcdc": {
          "count": 0,
          "covered": 0,
          "notcovered": 0,
          "percent": 0
        },
        "regions": {
          "count": 352,
          "covered": 272,
          "notcovered": 80,
          "percent": 77.27272727272727
        }
      },
      "source_sha256": "ce8ac3a34ac9cf59035057d80aa9ac77ed738d9076922b11c9e888d59341620d"
    },
    {
      "filename": "/Users/luke/Projects/Minyar-Lang/runtime/minyar_rc.h",
      "summary": {
        "branches": {
          "count": 86,
          "covered": 68,
          "notcovered": 18,
          "percent": 79.06976744186046
        },
        "functions": {
          "count": 15,
          "covered": 15,
          "percent": 100
        },
        "instantiations": {
          "count": 26,
          "covered": 21,
          "percent": 80.76923076923077
        },
        "lines": {
          "count": 186,
          "covered": 179,
          "percent": 96.23655913978494
        },
        "mcdc": {
          "count": 0,
          "covered": 0,
          "notcovered": 0,
          "percent": 0
        },
        "regions": {
          "count": 171,
          "covered": 155,
          "notcovered": 16,
          "percent": 90.64327485380117
        }
      },
      "source_sha256": "5d57a4494b2dc244d279ce8fbd50101184e1a7b46215f3c51f35766d4fccef9b"
    },
    {
      "filename": "/Users/luke/Projects/Minyar-Lang/runtime/minyar_runtime.c",
      "summary": {
        "branches": {
          "count": 302,
          "covered": 178,
          "notcovered": 124,
          "percent": 58.94039735099338
        },
        "functions": {
          "count": 55,
          "covered": 42,
          "percent": 76.36363636363637
        },
        "instantiations": {
          "count": 117,
          "covered": 46,
          "percent": 39.31623931623932
        },
        "lines": {
          "count": 615,
          "covered": 469,
          "percent": 76.260162601626
        },
        "mcdc": {
          "count": 0,
          "covered": 0,
          "notcovered": 0,
          "percent": 0
        },
        "regions": {
          "count": 564,
          "covered": 396,
          "notcovered": 168,
          "percent": 70.2127659574468
        }
      },
      "source_sha256": "db41660ae11fca6957654f150213dd39ec801570629a633a1bcb09f9670ff7db"
    }
  ],
  "runtime_configuration": "eager reference counting; compiler-arena, bounded/pool, and optional native backends are separate configurations"
}
