python3 tests/coverage-harness.py
test_edge_profiles_merge_branches_and_reject_inconsistent_denominators (__main__.CoverageHarness.test_edge_profiles_merge_branches_and_reject_inconsistent_denominators) ... ok
test_empty_denominator_cannot_report_full_coverage (__main__.CoverageHarness.test_empty_denominator_cannot_report_full_coverage) ... ok
test_empty_runtime_mapping_cannot_report_full_coverage (__main__.CoverageHarness.test_empty_runtime_mapping_cannot_report_full_coverage) ... ok
test_invalid_threshold_cannot_disable_gate (__main__.CoverageHarness.test_invalid_threshold_cannot_disable_gate) ... ok
test_runtime_aggregation_includes_headers_and_excludes_tests (__main__.CoverageHarness.test_runtime_aggregation_includes_headers_and_excludes_tests) ... ok

----------------------------------------------------------------------
Ran 5 tests in 0.004s

OK
MINYAR_TEST_CLANG="clang" python3 tests/coverage-inlining.py
test_shared_branch_identity_survives_inlining (__main__.CoverageInlining.test_shared_branch_identity_survives_inlining) ... ERROR

======================================================================
ERROR: test_shared_branch_identity_survives_inlining (__main__.CoverageInlining.test_shared_branch_identity_survives_inlining)
----------------------------------------------------------------------
Traceback (most recent call last):
  File "/Users/luke/Projects/Minyar-Lang/tests/coverage-inlining.py", line 51, in test_shared_branch_identity_survives_inlining
    coverage.run([clang, '-O0', '-Wno-override-module', str(instrumented),
    ~~~~~~~~~~~~^^^^^^^^^^^^^^^^^^^^^^^^^^^^^^^^^^^^^^^^^^^^^^^^^^^^^^^^^^
                  str(ROOT / 'tests/compiler-coverage-runtime.c'),
                  ^^^^^^^^^^^^^^^^^^^^^^^^^^^^^^^^^^^^^^^^^^^^^^^^
                  '-o', str(executable)], env=environment)
                  ^^^^^^^^^^^^^^^^^^^^^^^^^^^^^^^^^^^^^^^^
  File "/Users/luke/Projects/Minyar-Lang/scripts/coverage.py", line 44, in run
    raise RuntimeError(f"command failed ({result.returncode}): {' '.join(command)}\n{result.stdout}{result.stderr}")
RuntimeError: command failed (1): clang -O0 -Wno-override-module /var/folders/kp/v_5qvc9n6vb8gb8htz3yqwzm0000gn/T/minyar-coverage-inlining-t9t6_bda/before-inlining-1/instrumented.ll /Users/luke/Projects/Minyar-Lang/tests/compiler-coverage-runtime.c -o /var/folders/kp/v_5qvc9n6vb8gb8htz3yqwzm0000gn/T/minyar-coverage-inlining-t9t6_bda/before-inlining-1/program
fatal error: error in backend: MachO doesn't support COMDATs, 'helper' cannot be lowered.
clang: error: clang frontend command failed with exit code 70 (use -v to see invocation)
Apple clang version 17.0.0 (clang-1700.6.4.2)
Target: arm64-apple-darwin25.0.0
Thread model: posix
InstalledDir: /Applications/Xcode.app/Contents/Developer/Toolchains/XcodeDefault.xctoolchain/usr/bin
clang: note: diagnostic msg: 
********************

PLEASE ATTACH THE FOLLOWING FILES TO THE BUG REPORT:
Preprocessed source(s) and associated run script(s) are located at:
clang: note: diagnostic msg: /var/folders/kp/v_5qvc9n6vb8gb8htz3yqwzm0000gn/T/compiler-coverage-runtime-f2fcdd.c
clang: note: diagnostic msg: /var/folders/kp/v_5qvc9n6vb8gb8htz3yqwzm0000gn/T/compiler-coverage-runtime-f2fcdd.sh
clang: note: diagnostic msg: Crash backtrace is located in
clang: note: diagnostic msg: /Users/luke/Library/Logs/DiagnosticReports/clang_<YYYY-MM-DD-HHMMSS>_<hostname>.crash
clang: note: diagnostic msg: (choose the .crash file that corresponds to your crash)
clang: note: diagnostic msg: 

********************


----------------------------------------------------------------------
Ran 1 test in 0.129s

FAILED (errors=1)
make: *** [check-coverage-inlining] Error 1
