EEEEEE
======================================================================
ERROR: test_frame_transfer_move_and_temporary_retirement (__main__.LogicalOwnership.test_frame_transfer_move_and_temporary_retirement)
----------------------------------------------------------------------
Traceback (most recent call last):
  File "/Users/luke/Projects/Minyar-Lang/tests/research-native-model-oracle-tests.py", line 33, in test_frame_transfer_move_and_temporary_retirement
    self.new(o, 1, 1, 0)
    ~~~~~~~~^^^^^^^^^^^^
  File "/Users/luke/Projects/Minyar-Lang/tests/research-native-model-oracle-tests.py", line 18, in new
    oracle.apply(('new', kind, identity, root, *children))
    ~~~~~~~~~~~~^^^^^^^^^^^^^^^^^^^^^^^^^^^^^^^^^^^^^^^^^^
  File "/Users/luke/Projects/Minyar-Lang/tests/research-native-model-oracle.py", line 20, in apply
    raise NotImplementedError('TDD: logical transitions not implemented yet')
NotImplementedError: TDD: logical transitions not implemented yet

======================================================================
ERROR: test_invalid_cycle_and_dead_resurrection_rejected (__main__.LogicalOwnership.test_invalid_cycle_and_dead_resurrection_rejected)
----------------------------------------------------------------------
Traceback (most recent call last):
  File "/Users/luke/Projects/Minyar-Lang/tests/research-native-model-oracle-tests.py", line 57, in test_invalid_cycle_and_dead_resurrection_rejected
    self.new(o, 1, 1, 0)
    ~~~~~~~~^^^^^^^^^^^^
  File "/Users/luke/Projects/Minyar-Lang/tests/research-native-model-oracle-tests.py", line 18, in new
    oracle.apply(('new', kind, identity, root, *children))
    ~~~~~~~~~~~~^^^^^^^^^^^^^^^^^^^^^^^^^^^^^^^^^^^^^^^^^^
  File "/Users/luke/Projects/Minyar-Lang/tests/research-native-model-oracle.py", line 20, in apply
    raise NotImplementedError('TDD: logical transitions not implemented yet')
NotImplementedError: TDD: logical transitions not implemented yet

======================================================================
ERROR: test_nested_frame_survival (__main__.LogicalOwnership.test_nested_frame_survival)
----------------------------------------------------------------------
Traceback (most recent call last):
  File "/Users/luke/Projects/Minyar-Lang/tests/research-native-model-oracle-tests.py", line 68, in test_nested_frame_survival
    self.new(o, 1, 1, 0)
    ~~~~~~~~^^^^^^^^^^^^
  File "/Users/luke/Projects/Minyar-Lang/tests/research-native-model-oracle-tests.py", line 18, in new
    oracle.apply(('new', kind, identity, root, *children))
    ~~~~~~~~~~~~^^^^^^^^^^^^^^^^^^^^^^^^^^^^^^^^^^^^^^^^^^
  File "/Users/luke/Projects/Minyar-Lang/tests/research-native-model-oracle.py", line 20, in apply
    raise NotImplementedError('TDD: logical transitions not implemented yet')
NotImplementedError: TDD: logical transitions not implemented yet

======================================================================
ERROR: test_parent_child_whole_alias_and_replacement (__main__.LogicalOwnership.test_parent_child_whole_alias_and_replacement)
----------------------------------------------------------------------
Traceback (most recent call last):
  File "/Users/luke/Projects/Minyar-Lang/tests/research-native-model-oracle-tests.py", line 46, in test_parent_child_whole_alias_and_replacement
    self.new(o, 1, 1, 0)
    ~~~~~~~~^^^^^^^^^^^^
  File "/Users/luke/Projects/Minyar-Lang/tests/research-native-model-oracle-tests.py", line 18, in new
    oracle.apply(('new', kind, identity, root, *children))
    ~~~~~~~~~~~~^^^^^^^^^^^^^^^^^^^^^^^^^^^^^^^^^^^^^^^^^^
  File "/Users/luke/Projects/Minyar-Lang/tests/research-native-model-oracle.py", line 20, in apply
    raise NotImplementedError('TDD: logical transitions not implemented yet')
NotImplementedError: TDD: logical transitions not implemented yet

======================================================================
ERROR: test_payload_digest_changes_after_edge_mutation (__main__.LogicalOwnership.test_payload_digest_changes_after_edge_mutation)
----------------------------------------------------------------------
Traceback (most recent call last):
  File "/Users/luke/Projects/Minyar-Lang/tests/research-native-model-oracle-tests.py", line 81, in test_payload_digest_changes_after_edge_mutation
    self.new(o, 1, 1, 0)
    ~~~~~~~~^^^^^^^^^^^^
  File "/Users/luke/Projects/Minyar-Lang/tests/research-native-model-oracle-tests.py", line 18, in new
    oracle.apply(('new', kind, identity, root, *children))
    ~~~~~~~~~~~~^^^^^^^^^^^^^^^^^^^^^^^^^^^^^^^^^^^^^^^^^^
  File "/Users/luke/Projects/Minyar-Lang/tests/research-native-model-oracle.py", line 20, in apply
    raise NotImplementedError('TDD: logical transitions not implemented yet')
NotImplementedError: TDD: logical transitions not implemented yet

======================================================================
ERROR: test_shared_dag_reachability_and_external_alias (__main__.LogicalOwnership.test_shared_dag_reachability_and_external_alias)
----------------------------------------------------------------------
Traceback (most recent call last):
  File "/Users/luke/Projects/Minyar-Lang/tests/research-native-model-oracle-tests.py", line 22, in test_shared_dag_reachability_and_external_alias
    self.new(o, 1, 1, 0)
    ~~~~~~~~^^^^^^^^^^^^
  File "/Users/luke/Projects/Minyar-Lang/tests/research-native-model-oracle-tests.py", line 18, in new
    oracle.apply(('new', kind, identity, root, *children))
    ~~~~~~~~~~~~^^^^^^^^^^^^^^^^^^^^^^^^^^^^^^^^^^^^^^^^^^
  File "/Users/luke/Projects/Minyar-Lang/tests/research-native-model-oracle.py", line 20, in apply
    raise NotImplementedError('TDD: logical transitions not implemented yet')
NotImplementedError: TDD: logical transitions not implemented yet

----------------------------------------------------------------------
Ran 6 tests in 0.002s

FAILED (errors=6)
