E.E
======================================================================
ERROR: test_changed_observation_anchors_fail_closed (__main__.Instrumentation.test_changed_observation_anchors_fail_closed)
----------------------------------------------------------------------
Traceback (most recent call last):
  File "/Users/luke/Projects/Minyar-Lang/tests/research-native-model-campaign-tests.py", line 27, in test_changed_observation_anchors_fail_closed
    campaign.instrument_sources({'minyar_bounded_rc.h': '', 'minyar_rc.h': ''})
    ~~~~~~~~~~~~~~~~~~~~~~~~~~~^^^^^^^^^^^^^^^^^^^^^^^^^^^^^^^^^^^^^^^^^^^^^^^^
  File "/Users/luke/Projects/Minyar-Lang/tests/research-native-model-campaign.py", line 15, in instrument_sources
    raise NotImplementedError('TDD: exact destructor hook insertion pending')
NotImplementedError: TDD: exact destructor hook insertion pending

======================================================================
ERROR: test_exact_observation_points_and_no_input_mutation (__main__.Instrumentation.test_exact_observation_points_and_no_input_mutation)
----------------------------------------------------------------------
Traceback (most recent call last):
  File "/Users/luke/Projects/Minyar-Lang/tests/research-native-model-campaign-tests.py", line 18, in test_exact_observation_points_and_no_input_mutation
    instrumented = campaign.instrument_sources(sources)
  File "/Users/luke/Projects/Minyar-Lang/tests/research-native-model-campaign.py", line 15, in instrument_sources
    raise NotImplementedError('TDD: exact destructor hook insertion pending')
NotImplementedError: TDD: exact destructor hook insertion pending

----------------------------------------------------------------------
Ran 3 tests in 0.244s

FAILED (errors=2)
