inputs/certificate/decisive-proposal.json: OK
inputs/certificate/hand-cases.json: OK
inputs/certificate/inputs.sha256: OK
inputs/certificate/inputs/literature/ctrc-2024.txt: OK
inputs/certificate/inputs/research/accounting-probes.json: OK
inputs/certificate/inputs/research/index.json: OK
inputs/certificate/inputs/research/literature-accounting-source-map.json: OK
inputs/certificate/inputs/research/literature-accounting.md: OK
inputs/certificate/inputs/research/literature-claims-round2.md: OK
inputs/certificate/inputs/research/literature-native-model-completed.md: OK
inputs/certificate/inputs/research/runtime-admission-proof-audit.md: OK
inputs/certificate/inputs/research/runtime-api-count-probes.md: OK
inputs/certificate/inputs/research/runtime-retirement-experiments.md: OK
inputs/certificate/inputs/runtime/minyar_bounded_rc.h: OK
inputs/certificate/inputs/runtime/minyar_collections.h: OK
inputs/certificate/inputs/runtime/minyar_default_runtime.c: OK
inputs/certificate/inputs/runtime/minyar_heap.h: OK
inputs/certificate/inputs/runtime/minyar_pool.h: OK
inputs/certificate/inputs/runtime/minyar_rc.h: OK
inputs/certificate/inputs/runtime/minyar_runtime.c: OK
inputs/certificate/inputs/runtime/minyar_stack_frames.h: OK
inputs/certificate/reading-ledger.json: OK
inputs/certificate/runtime-demand-certificate.json: OK
inputs/certificate/runtime-demand-certificate.md: OK
inputs/certificate/verification.json: OK
inputs/context/README.md: OK
inputs/context/docs/architecture.md: OK
inputs/context/research/README.md: OK
inputs/supplementary/runtime/minyar_bytes.h: OK
inputs/supplementary/runtime/minyar_numbers.h: OK
