"clang-23" -isystem vendor -std=c11 -O2 -Wall -Wextra -Werror bootstrap/stage0.c -o build/stage0
zsh scripts/with-limits.sh ./build/stage0 compiler/compiler.min -o build/compiler-stage1.ll
zsh scripts/with-limits.sh "clang-23" -O2 -Wno-override-module -DMINYAR_COMPILER_ARENA -S -emit-llvm runtime/minyar_runtime.c -o build/minyar-compiler-runtime.ll.tmp
sed -E 's/"(target-cpu|target-features|tune-cpu)"="[^"]*" ?//g' build/minyar-compiler-runtime.ll.tmp > build/minyar-compiler-runtime.ll
rm -f build/minyar-compiler-runtime.ll.tmp
zsh scripts/with-limits.sh "clang-23" -O2 -Wno-override-module -flto=thin build/compiler-stage1.ll build/minyar-compiler-runtime.ll -lm -o build/compiler-stage1
zsh scripts/with-limits.sh ./build/compiler-stage1 compiler/compiler.min build/compiler-stage2.ll
zsh scripts/with-limits.sh "clang-23" -O2 -Wno-override-module -flto=thin build/compiler-stage2.ll build/minyar-compiler-runtime.ll -lm -o build/minyarc
zsh scripts/with-limits.sh ./build/minyarc compiler/compiler.min build/compiler-stage3.ll
python3 scripts/build-closure-compiler.py build/closure-compiler.min
zsh scripts/with-limits.sh ./build/minyarc build/closure-compiler.min build/closure-compiler-stage1.ll
zsh scripts/with-limits.sh "clang-23" -O2 -Wno-override-module -flto=thin build/closure-compiler-stage1.ll build/minyar-compiler-runtime.ll -lm -o build/closure-compiler-stage1
zsh scripts/with-limits.sh ./build/closure-compiler-stage1 build/closure-compiler.min build/closure-compiler-stage2.ll
zsh scripts/with-limits.sh "clang-23" -O2 -Wno-override-module -flto=thin build/closure-compiler-stage2.ll build/minyar-compiler-runtime.ll -lm -o build/minyarc-callbacks
zsh scripts/with-limits.sh ./build/minyarc-callbacks build/closure-compiler.min build/closure-compiler-stage3.ll
cmp build/closure-compiler-stage2.ll build/closure-compiler-stage3.ll
MINYAR_TEST_CLANG="clang-23" zsh scripts/with-limits.sh python3 tests/callbacks.py
..................
----------------------------------------------------------------------
Ran 18 tests in 16.381s

OK
zsh scripts/with-sanitizer-limits.sh python3 tests/llvm_sanitizer.py build/closure-compiler-stage2.ll build/closure-compiler-sanitize.ll
zsh scripts/with-sanitizer-limits.sh "clang-23" -O1 -g -fsanitize=address,undefined -fno-omit-frame-pointer -Wno-override-module -DMINYAR_COMPILER_ARENA -c runtime/minyar_runtime.c -o build/minyar-compiler-runtime-sanitize.o
zsh scripts/with-sanitizer-limits.sh "clang-23" -O1 -g -fsanitize=address,undefined -fno-omit-frame-pointer -Wno-override-module build/closure-compiler-sanitize.ll build/minyar-compiler-runtime-sanitize.o -lm -o build/minyarc-callbacks-sanitize
ASAN_OPTIONS=detect_leaks=0 MINYAR_TEST_CLANG="clang-23" MINYAR_TEST_LINK_FLAGS=-fsanitize=address,undefined zsh scripts/with-sanitizer-limits.sh python3 tests/callbacks.py
..................
----------------------------------------------------------------------
Ran 18 tests in 32.818s

OK
zsh scripts/with-limits.sh ./build/minyarc build/module-compiler.min build/module-compiler-stage1.ll
zsh scripts/with-limits.sh "clang-23" -O2 -Wno-override-module -flto=thin build/module-compiler-stage1.ll build/minyar-compiler-runtime.ll -lm -o build/module-compiler-stage1
zsh scripts/with-limits.sh ./build/module-compiler-stage1 build/module-compiler.min build/module-compiler-stage2.ll
zsh scripts/with-limits.sh "clang-23" -O2 -Wno-override-module -flto=thin build/module-compiler-stage2.ll build/minyar-compiler-runtime.ll -lm -o build/minyarc-modules
zsh scripts/with-limits.sh "clang-23" -std=c11 -O2 -Wall -Wextra -Werror tools/module-build.c -o build/minyar-module-build
MINYAR_TEST_CLANG="clang-23" zsh scripts/with-limits.sh python3 tests/managed-graphs-launcher.py
..
----------------------------------------------------------------------
Ran 2 tests in 11.144s

OK
