system-k1-native seed=314159: cycles: roots, transfers, oracle, interleavings; units=236576 epochs=22891 max-poll=1
system-k1-native seed=4294967295: cycles: roots, transfers, oracle, interleavings; units=243631 epochs=22952 max-poll=1
system-k1-sanitize seed=314159: cycles: roots, transfers, oracle, interleavings; units=236576 epochs=22891 max-poll=1
system-k1-sanitize seed=4294967295: cycles: roots, transfers, oracle, interleavings; units=243631 epochs=22952 max-poll=1
system-k32-native seed=314159: cycles: roots, transfers, oracle, interleavings; units=2082095 epochs=40675 max-poll=32
system-k32-native seed=4294967295: cycles: roots, transfers, oracle, interleavings; units=2292341 epochs=42081 max-poll=32
system-k32-sanitize seed=314159: cycles: roots, transfers, oracle, interleavings; units=2082095 epochs=40675 max-poll=32
system-k32-sanitize seed=4294967295: cycles: roots, transfers, oracle, interleavings; units=2292341 epochs=42081 max-poll=32
fixed-k1-native seed=314159: cycles: roots, transfers, oracle, interleavings; units=236824 epochs=22891 max-poll=1 peak-pool=90176
fixed-k1-native seed=4294967295: cycles: roots, transfers, oracle, interleavings; units=243879 epochs=22952 max-poll=1 peak-pool=90176
fixed-k1-sanitize seed=314159: cycles: roots, transfers, oracle, interleavings; units=236824 epochs=22891 max-poll=1 peak-pool=90176
fixed-k1-sanitize seed=4294967295: cycles: roots, transfers, oracle, interleavings; units=243879 epochs=22952 max-poll=1 peak-pool=90176
fixed-k32-native seed=314159: cycles: roots, transfers, oracle, interleavings; units=2082095 epochs=40675 max-poll=32 peak-pool=90176
fixed-k32-native seed=4294967295: cycles: roots, transfers, oracle, interleavings; units=2292341 epochs=42081 max-poll=32 peak-pool=90176
fixed-k32-sanitize seed=314159: cycles: roots, transfers, oracle, interleavings; units=2082095 epochs=40675 max-poll=32 peak-pool=90176
fixed-k32-sanitize seed=4294967295: cycles: roots, transfers, oracle, interleavings; units=2292341 epochs=42081 max-poll=32 peak-pool=90176
lazy-k1-native seed=314159: cycles: roots, transfers, oracle, interleavings; units=236824 epochs=22891 max-poll=1 peak-pool=90176
lazy-k1-native seed=4294967295: cycles: roots, transfers, oracle, interleavings; units=243879 epochs=22952 max-poll=1 peak-pool=90176
lazy-k1-sanitize seed=314159: cycles: roots, transfers, oracle, interleavings; units=236824 epochs=22891 max-poll=1 peak-pool=90176
lazy-k1-sanitize seed=4294967295: cycles: roots, transfers, oracle, interleavings; units=243879 epochs=22952 max-poll=1 peak-pool=90176
lazy-k32-native seed=314159: cycles: roots, transfers, oracle, interleavings; units=2082095 epochs=40675 max-poll=32 peak-pool=90176
lazy-k32-native seed=4294967295: cycles: roots, transfers, oracle, interleavings; units=2292341 epochs=42081 max-poll=32 peak-pool=90176
lazy-k32-sanitize seed=314159: cycles: roots, transfers, oracle, interleavings; units=2082095 epochs=40675 max-poll=32 peak-pool=90176
lazy-k32-sanitize seed=4294967295: cycles: roots, transfers, oracle, interleavings; units=2292341 epochs=42081 max-poll=32 peak-pool=90176
eager-k32-native seed=314159: cycles: roots, transfers, oracle, interleavings; units=4217548 epochs=43405 max-poll=0
eager-k32-native seed=4294967295: cycles: roots, transfers, oracle, interleavings; units=4544761 epochs=45485 max-poll=0
eager-k32-sanitize seed=314159: cycles: roots, transfers, oracle, interleavings; units=4217548 epochs=43405 max-poll=0
eager-k32-sanitize seed=4294967295: cycles: roots, transfers, oracle, interleavings; units=4544761 epochs=45485 max-poll=0
