FAILED line 117: bits == expected && result->values[position] == source->values[position]
{"epoch":449,"length":8193,"debt":0,"text_mode":2}
{"epoch":450,"length":0,"debt":0,"text_mode":0}
{"epoch":451,"length":2,"debt":0,"text_mode":1}
{"epoch":452,"length":31,"debt":0,"text_mode":2}
{"epoch":453,"length":32,"debt":0,"text_mode":0}
{"epoch":454,"length":1024,"debt":0,"text_mode":1}
{"epoch":455,"length":8193,"debt":0,"text_mode":2}
{"epoch":456,"length":0,"debt":0,"text_mode":0}
{"epoch":457,"length":2,"debt":0,"text_mode":1}
{"epoch":458,"length":31,"debt":0,"text_mode":2}
{"epoch":459,"length":32,"debt":1,"text_mode":0}
{"epoch":460,"length":1024,"debt":0,"text_mode":1}
{"epoch":461,"length":8193,"debt":0,"text_mode":2}
{"epoch":462,"length":0,"debt":0,"text_mode":0}
{"epoch":463,"length":2,"debt":0,"text_mode":1}
{"epoch":464,"length":31,"debt":0,"text_mode":2}
{"epoch":465,"length":32,"debt":0,"text_mode":0}
{"epoch":466,"length":1024,"debt":0,"text_mode":1}
{"epoch":467,"length":8193,"debt":0,"text_mode":2}
{"epoch":468,"length":0,"debt":0,"text_mode":0}
{"epoch":469,"length":2,"debt":0,"text_mode":1}
{"epoch":470,"length":31,"debt":0,"text_mode":2}
{"epoch":471,"length":32,"debt":0,"text_mode":0}
{"epoch":472,"length":1024,"debt":0,"text_mode":1}
{"epoch":473,"length":8193,"debt":0,"text_mode":2}
{"epoch":474,"length":0,"debt":0,"text_mode":0}
{"epoch":475,"length":2,"debt":0,"text_mode":1}
{"epoch":476,"length":31,"debt":1,"text_mode":2}
{"epoch":477,"length":32,"debt":0,"text_mode":0}
{"epoch":478,"length":1024,"debt":0,"text_mode":1}
{"epoch":479,"length":8193,"debt":0,"text_mode":2}
{"epoch":480,"length":0,"debt":0,"text_mode":0}
{"epoch":481,"length":2,"debt":0,"text_mode":1}
{"epoch":482,"length":31,"debt":0,"text_mode":2}
{"epoch":483,"length":32,"debt":0,"text_mode":0}
{"epoch":484,"length":1024,"debt":0,"text_mode":1}
{"epoch":485,"length":8193,"debt":0,"text_mode":2}
{"epoch":486,"length":0,"debt":0,"text_mode":0}
{"epoch":487,"length":2,"debt":0,"text_mode":1}
{"epoch":488,"length":31,"debt":0,"text_mode":2}
{"epoch":489,"length":32,"debt":0,"text_mode":0}
{"epoch":490,"length":1024,"debt":0,"text_mode":1}
{"epoch":491,"length":8193,"debt":0,"text_mode":2}
{"epoch":492,"length":0,"debt":0,"text_mode":0}
{"epoch":493,"length":2,"debt":1,"text_mode":1}
{"epoch":494,"length":31,"debt":0,"text_mode":2}
{"epoch":495,"length":32,"debt":0,"text_mode":0}
{"epoch":496,"length":1024,"debt":0,"text_mode":1}
{"epoch":497,"length":8193,"debt":0,"text_mode":2}
{"epoch":498,"length":0,"debt":0,"text_mode":0}
{"epoch":499,"length":2,"debt":0,"text_mode":1}
{"epoch":500,"length":31,"debt":0,"text_mode":2}
{"epoch":501,"length":32,"debt":0,"text_mode":0}
{"epoch":502,"length":1024,"debt":0,"text_mode":1}
{"epoch":503,"length":8193,"debt":0,"text_mode":2}
{"epoch":504,"length":0,"debt":0,"text_mode":0}
{"epoch":505,"length":2,"debt":0,"text_mode":1}
{"epoch":506,"length":31,"debt":0,"text_mode":2}
{"epoch":507,"length":32,"debt":0,"text_mode":0}
{"epoch":508,"length":1024,"debt":0,"text_mode":1}
{"epoch":509,"length":8193,"debt":0,"text_mode":2}
{"epoch":510,"length":0,"debt":1,"text_mode":0}
{"epoch":511,"length":2,"debt":0,"text_mode":1}
{"epoch":512,"length":31,"debt":0,"text_mode":2}
        1.46 real         0.03 user         0.19 sys
            43302912  maximum resident set size
                   0  average shared memory size
                   0  average unshared data size
                   0  average unshared stack size
                2282  page reclaims
                3012  page faults
                   0  swaps
                   0  block input operations
                   0  block output operations
                   0  messages sent
                   0  messages received
                   0  signals received
                1941  voluntary context switches
                 995  involuntary context switches
          1350332372  instructions retired
           634003548  cycles elapsed
            43278912  peak memory footprint
