{
  "boundary": {
    "offset": 52911,
    "end": 52915,
    "line": 1057,
    "column": 3,
    "position": "before instruction",
    "policy": "first instruction of maximal terminal rc_step?;rc_leave;stack_leave;ret void suffix"
  },
  "generations": [
    {
      "id": "%value.1",
      "constructor": {
        "offset": 52148,
        "end": 52156,
        "line": 1044,
        "column": 3
      },
      "kind": "ScalarList",
      "length": 3,
      "capacity": 4,
      "sealed": true,
      "token": {
        "chunk": 0,
        "slot": 0
      },
      "ownership_word": 10,
      "producer_interval": {
        "start": {
          "offset": 52148,
          "end": 52156,
          "line": 1044,
          "column": 3
        },
        "end": {
          "offset": 52360,
          "end": 52364,
          "line": 1048,
          "column": 3
        }
      },
      "keep": {
        "offset": 52360,
        "end": 52364,
        "line": 1048,
        "column": 3
      },
      "active_chunk_protection": {
        "start": {
          "offset": 52360,
          "end": 52364,
          "line": 1048,
          "column": 3
        },
        "end": {
          "offset": 52911,
          "end": 52915,
          "line": 1057,
          "column": 3
        }
      }
    },
    {
      "id": "%value.2",
      "constructor": {
        "offset": 52402,
        "end": 52410,
        "line": 1049,
        "column": 3
      },
      "kind": "ScalarList",
      "length": 2,
      "capacity": 2,
      "sealed": true,
      "token": {
        "chunk": 0,
        "slot": 1
      },
      "ownership_word": 10,
      "producer_interval": {
        "start": {
          "offset": 52402,
          "end": 52410,
          "line": 1049,
          "column": 3
        },
        "end": {
          "offset": 52641,
          "end": 52645,
          "line": 1054,
          "column": 3
        }
      },
      "keep": {
        "offset": 52641,
        "end": 52645,
        "line": 1054,
        "column": 3
      },
      "active_chunk_protection": {
        "start": {
          "offset": 52641,
          "end": 52645,
          "line": 1054,
          "column": 3
        },
        "end": {
          "offset": 52911,
          "end": 52915,
          "line": 1057,
          "column": 3
        }
      }
    }
  ],
  "chunks": [
    [
      "%value.1",
      "%value.2"
    ]
  ],
  "frame": {
    "activation": {
      "offset": 51993,
      "end": 51997,
      "line": 1042,
      "column": 3
    },
    "written_locals": 0,
    "finalizers": 1
  },
  "work": {
    "V": 2,
    "F": 2,
    "Q": 0,
    "R": 0,
    "E": 0,
    "W_full_service_component": 4
  },
  "external_requirements": [
    {
      "parameter": 0,
      "representation": "Bytes",
      "protection": "continuously live outside owner during complete invocation including hidden service",
      "status": "required_not_discharged",
      "effects": [
        "NeedsProtected",
        "WriteByte"
      ],
      "loop_bounds": []
    }
  ],
  "loops": [
    {
      "function": ".minyar.fn.minyar_module_1_pick",
      "header": "for.condition.0",
      "latch": "for.step.2",
      "preheader": "entry",
      "cycle_blocks": [
        "for.body.1",
        "for.condition.0",
        "for.step.2",
        "if.end.6"
      ],
      "iteration_region": [
        "for.body.1",
        "for.step.2",
        "if.end.6",
        "if.then.4"
      ],
      "counter": "%local.3",
      "limit_cell": "%local.4",
      "source_parameter": 2,
      "parameter": 2,
      "bound_requirement": "0 <= Length(parameter) <= LLONG_MAX-1",
      "invariant": "0 <= counter <= limit",
      "rank": "limit-counter",
      "step": 1,
      "every_backedge": [
        {
          "source": "for.step.2",
          "target": "for.condition.0"
        }
      ],
      "maximum_iterations": 2,
      "status": "structurally_inferred_under_assumptions",
      "call_site": {
        "offset": 52683,
        "end": 52691,
        "line": 1055,
        "column": 3
      },
      "instantiated_argument": [
        "Fresh",
        "%value.2"
      ]
    }
  ],
  "service": {
    "prefix_may_service_outside": [
      {
        "offset": 51993,
        "end": 51997,
        "line": 1042,
        "column": 3
      },
      {
        "offset": 52148,
        "end": 52156,
        "line": 1044,
        "column": 3
      },
      {
        "offset": 52189,
        "end": 52193,
        "line": 1045,
        "column": 3
      },
      {
        "offset": 52246,
        "end": 52250,
        "line": 1046,
        "column": 3
      },
      {
        "offset": 52303,
        "end": 52307,
        "line": 1047,
        "column": 3
      },
      {
        "offset": 52360,
        "end": 52364,
        "line": 1048,
        "column": 3
      },
      {
        "offset": 52402,
        "end": 52410,
        "line": 1049,
        "column": 3
      },
      {
        "offset": 52485,
        "end": 52489,
        "line": 1051,
        "column": 3
      },
      {
        "offset": 52584,
        "end": 52588,
        "line": 1053,
        "column": 3
      },
      {
        "offset": 52641,
        "end": 52645,
        "line": 1054,
        "column": 3
      }
    ],
    "producer_and_active_chunks_protect_all_fresh_generations": true,
    "suffix": "detachment/retirement conserves tickets; service attribution unknown"
  },
  "status": "conditional_component_certificate",
  "schema_version": 1,
  "analysis_version": "research-subset-v0",
  "input_sha256": "b7e797c2aedf36ab4d09eefcdd29f4b0cdc5e3a5a7d2663b1982bf31b158b62e",
  "entry": ".minyar.fn.minyar_module_1_snow",
  "profile": "system_incremental_k32_64",
  "catalog_sha256": "f9c729a50575e3e2c5d1b91b6761648aea62bdc3ce4afcaaf37c69d023c63158",
  "runtime_source_sha256": {
    "minyar_runtime.c": "c4e78f59096e0af8926c8d06febb9277e8c7cb7e5de8fc63b907d3afb613fcb4",
    "minyar_rc.h": "5d57a4494b2dc244d279ce8fbd50101184e1a7b46215f3c51f35766d4fccef9b",
    "minyar_bounded_rc.h": "7d40e4f2469150840b4527a85f4234a677ed177803793372fd4104b0e8e7304e",
    "minyar_collections.h": "01ae1e88dbcd98a9f8815a7a8e0508247a19f7f0b912d938544db129191eb4c0",
    "minyar_bytes.h": "58985d5534d76e628a0d43132cabca53aa0b473aa126dfd05012082e827e07a9",
    "minyar_numbers.h": "ce8ac3a34ac9cf59035057d80aa9ac77ed738d9076922b11c9e888d59341620d"
  },
  "runtime_premises": [
    {
      "id": "P0",
      "symbols": {},
      "evidence": [
        {
          "file": "inputs/runtime/minyar_rc.h",
          "inclusive_lines": [
            [
              1,
              26
            ],
            [
              84,
              92
            ]
          ]
        },
        {
          "file": "inputs/runtime/minyar_runtime.c",
          "inclusive_lines": [
            [
              63,
              75
            ],
            [
              182,
              200
            ],
            [
              289,
              299
            ]
          ]
        }
      ],
      "claim": "64-bit system incremental K32; no arena; valid single-mutator, non-reentrant, representable runtime and exact linkage are assumptions"
    },
    {
      "id": "P1",
      "symbols": {
        "minyar_list_new": "ptr ()"
      },
      "evidence": [
        {
          "file": "inputs/runtime/minyar_rc.h",
          "inclusive_lines": [
            [
              109,
              157
            ]
          ]
        },
        {
          "file": "inputs/runtime/minyar_collections.h",
          "inclusive_lines": [
            [
              3,
              8
            ]
          ]
        }
      ],
      "claim": "Fresh ScalarList generation; one producer token; initialized length/capacity zero; service before allocation"
    },
    {
      "id": "P2",
      "symbols": {
        "minyar_list_add": "void (ptr, i64)"
      },
      "requires": [
        "ScalarList receiver",
        "single positive producer",
        "scalar payload",
        "checked sizes"
      ],
      "evidence": [
        {
          "file": "inputs/runtime/minyar_collections.h",
          "inclusive_lines": [
            [
              29,
              69
            ],
            [
              88,
              113
            ]
          ]
        },
        {
          "file": "inputs/runtime/minyar_runtime.c",
          "inclusive_lines": [
            [
              182,
              188
            ]
          ]
        }
      ],
      "claim": "Scalar store without managed edges/retain; geometric backing growth may service outside tasks; system LARGE_LIST_CAPACITY=4096"
    },
    {
      "id": "P3",
      "symbols": {
        "minyar_rc_enter": "void (i64)"
      },
      "requires": [
        "constant zero owner-slot count"
      ],
      "evidence": [
        {
          "file": "inputs/runtime/minyar_rc.h",
          "inclusive_lines": [
            [
              245,
              303
            ]
          ]
        }
      ],
      "claim": "Heap activation, resets temporaries/written; one frame F including cached reuse; preactivation poll"
    },
    {
      "id": "P4",
      "symbols": {
        "minyar_rc_keep": "void (ptr)"
      },
      "requires": [
        "exactly one fresh producer token",
        "active current frame"
      ],
      "evidence": [
        {
          "file": "inputs/runtime/minyar_rc.h",
          "inclusive_lines": [
            [
              35,
              39
            ],
            [
              327,
              346
            ]
          ]
        }
      ],
      "claim": "Transfer existing owner without retain; eight-slot packing; service before chunk storage/after publication; active chunk not queued"
    },
    {
      "id": "P5",
      "symbols": {
        "minyar_rc_step": "void ()",
        "minyar_rc_leave": "void ()"
      },
      "evidence": [
        {
          "file": "inputs/runtime/minyar_rc.h",
          "inclusive_lines": [
            [
              305,
              316
            ],
            [
              399,
              403
            ]
          ]
        },
        {
          "file": "inputs/runtime/minyar_bounded_rc.h",
          "inclusive_lines": [
            [
              121,
              129
            ]
          ]
        }
      ],
      "claim": "Detach chunks; leave retires only current activation; both automatically poll; conserve initial tickets"
    },
    {
      "id": "P6",
      "symbols": {},
      "evidence": [
        {
          "file": "inputs/runtime/minyar_bounded_rc.h",
          "inclusive_lines": [
            [
              45,
              66
            ],
            [
              77,
              114
            ],
            [
              219,
              250
            ]
          ]
        }
      ],
      "claim": "One unit per reverse chunk owner, scalar leaf death cocharged; one separate chunk/frame finalizer; cache retention consumes frame F"
    },
    {
      "id": "P7",
      "symbols": {},
      "evidence": [
        {
          "file": "inputs/runtime/minyar_bounded_rc.h",
          "inclusive_lines": [
            [
              253,
              373
            ]
          ]
        }
      ],
      "claim": "Actual work shared with outside queues; continuing positive service/fairness assumed; no component object enters object queue"
    },
    {
      "id": "P8",
      "symbols": {
        "minyar_list_get": "i64 (ptr, i64)"
      },
      "requires": [
        "valid protected ScalarList"
      ],
      "evidence": [
        {
          "file": "inputs/runtime/minyar_runtime.c",
          "inclusive_lines": [
            [
              63,
              75
            ]
          ]
        },
        {
          "file": "inputs/runtime/minyar_collections.h",
          "inclusive_lines": [
            [
              148,
              162
            ]
          ]
        }
      ],
      "claim": "Checked read or fatal failure, no normal-path managed/owner/poll effect; inline generated helper separately inferred with dominating guard"
    },
    {
      "id": "P9",
      "symbols": {
        "minyar_bytes_set": "void (ptr, i64, i64)"
      },
      "requires": [
        "valid continuously protected Bytes"
      ],
      "evidence": [
        {
          "file": "inputs/runtime/minyar_bytes.h",
          "inclusive_lines": [
            [
              32,
              39
            ],
            [
              101,
              107
            ]
          ]
        }
      ],
      "claim": "Bounds/value check then scalar byte write; no normal-path owner transfer, managed allocation or poll"
    },
    {
      "id": "P10",
      "symbols": {
        "minyar_stack_enter": "void ()",
        "minyar_stack_leave": "void ()"
      },
      "evidence": [
        {
          "file": "inputs/runtime/minyar_runtime.c",
          "inclusive_lines": [
            [
              159,
              177
            ]
          ]
        }
      ],
      "claim": "Call-depth guards, balanced normal returns, may terminate, no RC frame tickets; platform queries not bounded time"
    },
    {
      "id": "P11",
      "symbols": {
        "minyar_fail_integer_overflow": "void () cold noreturn",
        "minyar_fail_integer_division": "void (i64) cold noreturn",
        "minyar_check_clamp_integer": "void (i64, i64)",
        "minyar_check_shift": "void (i64)",
        "llvm.sadd.with.overflow.i64": "{ i64, i1 } (i64, i64)",
        "llvm.ssub.with.overflow.i64": "{ i64, i1 } (i64, i64)",
        "llvm.smul.with.overflow.i64": "{ i64, i1 } (i64, i64)"
      },
      "evidence": [
        {
          "file": "inputs/runtime/minyar_numbers.h",
          "inclusive_lines": [
            [
              5,
              8
            ],
            [
              22,
              25
            ],
            [
              207,
              220
            ]
          ]
        },
        {
          "file": "inputs/application/application.ll",
          "inclusive_lines": [
            [
              252,
              256
            ]
          ]
        }
      ],
      "claim": "Unconditional failures terminate; conditional checks retain returning ABI; LLVM overflow intrinsic arithmetic is an explicit trusted semantic premise, no prefix-wide intrinsic purity rule"
    }
  ],
  "definitions": [
    {
      "name": ".minyar.integer.overflow.checked",
      "start": {
        "offset": 20510,
        "end": 20516,
        "line": 298,
        "column": 1
      },
      "end": {
        "offset": 20724,
        "end": 20725,
        "line": 306,
        "column": 1
      },
      "sha256": "b0f08a184ebfcc2c0b21a41b6be3aef8267e318cb44a020f4ed93d634e2e17dc",
      "blocks": 3,
      "instructions": 4
    },
    {
      "name": ".minyar.shift.checked",
      "start": {
        "offset": 21168,
        "end": 21174,
        "line": 322,
        "column": 1
      },
      "end": {
        "offset": 21398,
        "end": 21399,
        "line": 331,
        "column": 1
      },
      "sha256": "d54f2628b83f2bc69741bb33d009fe44bc3d83714014b3dca59140c8a74d137a",
      "blocks": 3,
      "instructions": 5
    },
    {
      "name": ".minyar.fn.minyar_module_3_hash",
      "start": {
        "offset": 186487,
        "end": 186493,
        "line": 4786,
        "column": 1
      },
      "end": {
        "offset": 187605,
        "end": 187606,
        "line": 4815,
        "column": 1
      },
      "sha256": "2707ce9442545131044ad5079b5b8c91a26633b3662d54118f6a0822382a67f9",
      "blocks": 1,
      "instructions": 27
    },
    {
      "name": ".minyar.fn.minyar_module_3_random",
      "start": {
        "offset": 187608,
        "end": 187614,
        "line": 4817,
        "column": 1
      },
      "end": {
        "offset": 188043,
        "end": 188044,
        "line": 4826,
        "column": 1
      },
      "sha256": "74f9014454cb294991a13845490f53fba046d0bba8c2192cf9feb61b352dc14a",
      "blocks": 1,
      "instructions": 7
    },
    {
      "name": ".minyar.fn.minyar_module_1_grain",
      "start": {
        "offset": 32664,
        "end": 32670,
        "line": 594,
        "column": 1
      },
      "end": {
        "offset": 33503,
        "end": 33504,
        "line": 608,
        "column": 1
      },
      "sha256": "bd68a018f83874f00c084cf7e9a942c2e0c0fade144c2f49fe6885915ac00920",
      "blocks": 1,
      "instructions": 12
    },
    {
      "name": ".minyar.list.length",
      "start": {
        "offset": 20310,
        "end": 20316,
        "line": 291,
        "column": 1
      },
      "end": {
        "offset": 20507,
        "end": 20508,
        "line": 296,
        "column": 1
      },
      "sha256": "aeb0ae3bfc067fa7841934280f1709e146ea5a000af0be131c69a100605b891a",
      "blocks": 1,
      "instructions": 3
    },
    {
      "name": ".minyar.list.get.checked",
      "start": {
        "offset": 19226,
        "end": 19232,
        "line": 260,
        "column": 1
      },
      "end": {
        "offset": 19763,
        "end": 19764,
        "line": 274,
        "column": 1
      },
      "sha256": "6965b60856bd2fddbae9a3b87a6130084eefb383c57487184f8147ea478bd3c7",
      "blocks": 3,
      "instructions": 10
    },
    {
      "name": ".minyar.fn.minyar_module_1_pick",
      "start": {
        "offset": 30965,
        "end": 30971,
        "line": 543,
        "column": 1
      },
      "end": {
        "offset": 32661,
        "end": 32662,
        "line": 592,
        "column": 1
      },
      "sha256": "a258af05bbca3e724f4fcc45684c00d6a1b2b7e6014197c6ae092c0a89f1cac3",
      "blocks": 7,
      "instructions": 35
    },
    {
      "name": ".minyar.integer.division.checked",
      "start": {
        "offset": 20726,
        "end": 20732,
        "line": 307,
        "column": 1
      },
      "end": {
        "offset": 21165,
        "end": 21166,
        "line": 320,
        "column": 1
      },
      "sha256": "863d33677f3787841db3d68d4ef5f2a569b33bc51cb80433d1d16f47af62d6d9",
      "blocks": 3,
      "instructions": 9
    },
    {
      "name": ".minyar.clamp.integer.checked",
      "start": {
        "offset": 22732,
        "end": 22738,
        "line": 373,
        "column": 1
      },
      "end": {
        "offset": 23006,
        "end": 23007,
        "line": 382,
        "column": 1
      },
      "sha256": "e6796cbf2b87016481a727624fa4386e823d71cbdc70c9a0cf15f3206f401203",
      "blocks": 3,
      "instructions": 5
    },
    {
      "name": ".minyar.fn.minyar_module_1_put",
      "start": {
        "offset": 25454,
        "end": 25460,
        "line": 439,
        "column": 1
      },
      "end": {
        "offset": 29999,
        "end": 30000,
        "line": 519,
        "column": 1
      },
      "sha256": "300b064eefe7851cd293e22a6e52b07fa5db0cbbeba3d1d57cf9cc5accdf51f8",
      "blocks": 1,
      "instructions": 78
    },
    {
      "name": ".minyar.fn.minyar_module_1_paint",
      "start": {
        "offset": 30347,
        "end": 30353,
        "line": 529,
        "column": 1
      },
      "end": {
        "offset": 30962,
        "end": 30963,
        "line": 541,
        "column": 1
      },
      "sha256": "ad8d6f780fa01c270d83ed4de8b1dc8f6d9ca949309793a4cd245fa812d922a6",
      "blocks": 1,
      "instructions": 10
    },
    {
      "name": ".minyar.fn.minyar_module_1_snow",
      "start": {
        "offset": 51835,
        "end": 51841,
        "line": 1039,
        "column": 1
      },
      "end": {
        "offset": 53015,
        "end": 53016,
        "line": 1061,
        "column": 1
      },
      "sha256": "e5d95559e67b4392f37630586392ce67e121b24b1ac1fd73f10f520e1de793c5",
      "blocks": 1,
      "instructions": 20
    }
  ],
  "borrower_summaries": {
    ".minyar.integer.overflow.checked": {
      "requirements": {},
      "effects": [],
      "return_tag": [
        "OtherScalar"
      ],
      "may_terminate": true,
      "has_guard_effect": false,
      "loops": [],
      "dataflow": {
        "iterations": 3,
        "initialized": {
          "entry": [],
          "bad": [],
          "good": []
        }
      }
    },
    ".minyar.shift.checked": {
      "requirements": {},
      "effects": [],
      "return_tag": [
        "OtherScalar"
      ],
      "may_terminate": true,
      "has_guard_effect": false,
      "loops": [],
      "dataflow": {
        "iterations": 3,
        "initialized": {
          "entry": [],
          "good": [],
          "bad": []
        }
      }
    },
    ".minyar.fn.minyar_module_3_hash": {
      "requirements": {},
      "effects": [],
      "return_tag": [
        "OtherScalar"
      ],
      "may_terminate": true,
      "has_guard_effect": true,
      "loops": [],
      "dataflow": {
        "iterations": 1,
        "initialized": {
          "entry": []
        }
      }
    },
    ".minyar.fn.minyar_module_3_random": {
      "requirements": {},
      "effects": [],
      "return_tag": [
        "OtherScalar"
      ],
      "may_terminate": true,
      "has_guard_effect": true,
      "loops": [],
      "dataflow": {
        "iterations": 1,
        "initialized": {
          "entry": []
        }
      }
    },
    ".minyar.fn.minyar_module_1_grain": {
      "requirements": {},
      "effects": [],
      "return_tag": [
        "OtherScalar"
      ],
      "may_terminate": true,
      "has_guard_effect": true,
      "loops": [],
      "dataflow": {
        "iterations": 1,
        "initialized": {
          "entry": []
        }
      }
    },
    ".minyar.list.length": {
      "requirements": {
        "0": "ScalarList"
      },
      "effects": [
        [
          "NeedsProtected",
          0
        ],
        [
          "ReadList",
          0
        ]
      ],
      "return_tag": [
        "Length",
        [
          "Param",
          0
        ]
      ],
      "may_terminate": false,
      "has_guard_effect": false,
      "loops": [],
      "dataflow": {
        "iterations": 1,
        "initialized": {
          "entry": []
        }
      }
    },
    ".minyar.list.get.checked": {
      "requirements": {
        "0": "ScalarList"
      },
      "effects": [
        [
          "NeedsProtected",
          0
        ],
        [
          "ReadList",
          0
        ]
      ],
      "return_tag": [
        "OtherScalar"
      ],
      "may_terminate": true,
      "has_guard_effect": false,
      "loops": [],
      "dataflow": {
        "iterations": 3,
        "initialized": {
          "entry": [],
          "good": [],
          "bad": []
        }
      }
    },
    ".minyar.fn.minyar_module_1_pick": {
      "requirements": {
        "2": "ScalarList",
        "1": "ScalarList"
      },
      "effects": [
        [
          "NeedsProtected",
          1
        ],
        [
          "NeedsProtected",
          2
        ],
        [
          "ReadList",
          1
        ],
        [
          "ReadList",
          2
        ]
      ],
      "return_tag": [
        "OtherScalar"
      ],
      "may_terminate": true,
      "has_guard_effect": true,
      "loops": [
        {
          "function": ".minyar.fn.minyar_module_1_pick",
          "header": "for.condition.0",
          "latch": "for.step.2",
          "preheader": "entry",
          "cycle_blocks": [
            "for.body.1",
            "for.condition.0",
            "for.step.2",
            "if.end.6"
          ],
          "iteration_region": [
            "for.body.1",
            "for.step.2",
            "if.end.6",
            "if.then.4"
          ],
          "counter": "%local.3",
          "limit_cell": "%local.4",
          "source_parameter": 2,
          "parameter": 2,
          "bound_requirement": "0 <= Length(parameter) <= LLONG_MAX-1",
          "invariant": "0 <= counter <= limit",
          "rank": "limit-counter",
          "step": 1,
          "every_backedge": [
            {
              "source": "for.step.2",
              "target": "for.condition.0"
            }
          ],
          "maximum_iterations": null,
          "status": "structurally_inferred_under_assumptions"
        }
      ],
      "dataflow": {
        "iterations": 14,
        "initialized": {
          "entry": [],
          "for.condition.0": [
            "%local.3",
            "%local.4"
          ],
          "for.body.1": [
            "%local.3",
            "%local.4"
          ],
          "for.end.3": [
            "%local.3",
            "%local.4"
          ],
          "if.then.4": [
            "%local.3",
            "%local.4",
            "%local.5"
          ],
          "if.end.6": [
            "%local.3",
            "%local.4",
            "%local.5"
          ],
          "for.step.2": [
            "%local.3",
            "%local.4",
            "%local.5"
          ]
        }
      }
    },
    ".minyar.integer.division.checked": {
      "requirements": {},
      "effects": [],
      "return_tag": [
        "OtherScalar"
      ],
      "may_terminate": true,
      "has_guard_effect": false,
      "loops": [],
      "dataflow": {
        "iterations": 3,
        "initialized": {
          "entry": [],
          "bad": [],
          "good": []
        }
      }
    },
    ".minyar.clamp.integer.checked": {
      "requirements": {},
      "effects": [],
      "return_tag": [
        "OtherScalar"
      ],
      "may_terminate": true,
      "has_guard_effect": false,
      "loops": [],
      "dataflow": {
        "iterations": 3,
        "initialized": {
          "entry": [],
          "good": [],
          "bad": []
        }
      }
    },
    ".minyar.fn.minyar_module_1_put": {
      "requirements": {
        "0": "Bytes"
      },
      "effects": [
        [
          "NeedsProtected",
          0
        ],
        [
          "WriteByte",
          0
        ]
      ],
      "return_tag": [
        "OtherScalar"
      ],
      "may_terminate": true,
      "has_guard_effect": true,
      "loops": [],
      "dataflow": {
        "iterations": 1,
        "initialized": {
          "entry": []
        }
      }
    },
    ".minyar.fn.minyar_module_1_paint": {
      "requirements": {
        "0": "Bytes"
      },
      "effects": [
        [
          "NeedsProtected",
          0
        ],
        [
          "WriteByte",
          0
        ]
      ],
      "return_tag": [
        "OtherScalar"
      ],
      "may_terminate": true,
      "has_guard_effect": true,
      "loops": [],
      "dataflow": {
        "iterations": 1,
        "initialized": {
          "entry": []
        }
      }
    }
  },
  "context_request": {
    "external_protection": null,
    "outside_debt": null,
    "automatic_discharge": false
  },
  "assumptions": [
    "valid successful execution: allocation, arithmetic, shift/division, bounds and guard success",
    "reviewed frozen C/runtime ABI summaries, exact linkage, LLVM scalar/intrinsic semantics and optimizer preservation",
    "64-bit system incremental K32, single mutator, no reentrancy, valid representable heap/queue/cache state",
    "external representation and continuously live outside protection requirements hold throughout invocation",
    "fresh generations disjoint from external borrowers; no hidden incoming owner edges",
    "eventual full positive fair service after closing suffix; arbitrary outside debt allowed"
  ],
  "obligations": {
    "O1": "implemented subset checks; full LLVM proof unresolved",
    "O2": "trusted reviewed summaries; C/refinement/linking proof unresolved",
    "O3": "finite body effects/dataflow and K witness; independent implementation review pending",
    "O4": "producer/chunk conservation inferred; runtime refinement conditional",
    "O5": "terminal suffix inferred; contextual closure unsupported",
    "O6": "conditional P6/P7 cost mapping, full-service total only",
    "O7": "external protection required_not_discharged; full service assumed",
    "O8": "frozen identities; compiler/LLVM build-chain proof unresolved"
  },
  "nonclaims": [
    "verified LLVM/C/compiler",
    "whole-program/context/process closure",
    "completion at return",
    "exact remaining work or process poll count",
    "allocation admission or byte/RSS bound",
    "wall deadline",
    "production integration/optimization",
    "novelty",
    "measured analysis performance"
  ],
  "indexing_limit": "unselected bodies framed, signatures indexed; their semantics not validated"
}
